2025-10-15 18:10:59,149:__main__:-------------- Process started for 7 product(s) --------------
2025-10-15 18:11:01,821:__main__:Product (ID: 11159) is marked as picked
2025-10-15 18:11:02,093:__main__:Processing (Toto LT780.4#12)
2025-10-15 18:11:02,094:__main__:trigger selenium
2025-10-15 18:11:07,640:__main__:Product (ID: 11167) is marked as picked
2025-10-15 18:11:07,905:__main__:Processing (Toto LT890G#03)
2025-10-15 18:11:07,906:__main__:trigger selenium
2025-10-15 18:11:13,477:__main__:Product (ID: 11248) is marked as picked
2025-10-15 18:11:13,737:__main__:Processing (Toto PT237#01)
2025-10-15 18:11:13,737:__main__:trigger selenium
2025-10-15 18:11:19,395:__main__:Product (ID: 11256) is marked as picked
2025-10-15 18:11:19,672:__main__:Processing (Toto PT750-12)
2025-10-15 18:11:19,673:__main__:trigger selenium
2025-10-15 18:11:25,294:__main__:Product (ID: 11258) is marked as picked
2025-10-15 18:11:25,557:__main__:Processing (Toto PT770#12)
2025-10-15 18:11:25,557:__main__:trigger selenium
2025-10-15 18:11:31,254:__main__:Product (ID: 11262) is marked as picked
2025-10-15 18:11:31,529:__main__:Processing (Toto SBR460#12)
2025-10-15 18:11:31,529:__main__:trigger selenium
2025-10-15 18:11:33,311:__main__:Typing failed due to error: Message: stale element reference: stale element not found
  (Session info: chrome=140.0.7339.185); For documentation on this error, please visit: https://www.selenium.dev/documentation/webdriver/troubleshooting/errors#stale-element-reference-exception
Stacktrace:
#0 0x5a1f81cf1cba <unknown>
#1 0x5a1f817668e0 <unknown>
#2 0x5a1f81779f2b <unknown>
#3 0x5a1f81778ce2 <unknown>
#4 0x5a1f8176de39 <unknown>
#5 0x5a1f8176df65 <unknown>
#6 0x5a1f8176c06f <unknown>
#7 0x5a1f8177006a <unknown>
#8 0x5a1f81804c9e <unknown>
#9 0x5a1f817de072 <unknown>
#10 0x5a1f81803c63 <unknown>
#11 0x5a1f817dde43 <unknown>
#12 0x5a1f817aa9a8 <unknown>
#13 0x5a1f817ab621 <unknown>
#14 0x5a1f81cb58b8 <unknown>
#15 0x5a1f81cb95e2 <unknown>
#16 0x5a1f81c9c683 <unknown>
#17 0x5a1f81cba135 <unknown>
#18 0x5a1f81c8180f <unknown>
#19 0x5a1f81cde4c8 <unknown>
#20 0x5a1f81cde6a2 <unknown>
#21 0x5a1f81cf0dc3 <unknown>
#22 0x7bd428c9caa4 <unknown>
#23 0x7bd428d29c6c <unknown>

2025-10-15 18:11:37,028:__main__:Product (ID: 11294) is marked as picked
2025-10-15 18:11:37,276:__main__:Processing (Toto SS247R#01)
2025-10-15 18:11:37,277:__main__:trigger selenium
2025-10-15 18:11:41,410:__main__:Typing failed due to error: Message: stale element reference: stale element not found
  (Session info: chrome=140.0.7339.185); For documentation on this error, please visit: https://www.selenium.dev/documentation/webdriver/troubleshooting/errors#stale-element-reference-exception
Stacktrace:
#0 0x57863d314cba <unknown>
#1 0x57863cd898e0 <unknown>
#2 0x57863cd9cf2b <unknown>
#3 0x57863cd9bce2 <unknown>
#4 0x57863cd90e39 <unknown>
#5 0x57863cd90f65 <unknown>
#6 0x57863cd8f06f <unknown>
#7 0x57863cd9306a <unknown>
#8 0x57863ce27c9e <unknown>
#9 0x57863ce01072 <unknown>
#10 0x57863ce26c63 <unknown>
#11 0x57863ce00e43 <unknown>
#12 0x57863cdcd9a8 <unknown>
#13 0x57863cdce621 <unknown>
#14 0x57863d2d88b8 <unknown>
#15 0x57863d2dc5e2 <unknown>
#16 0x57863d2bf683 <unknown>
#17 0x57863d2dd135 <unknown>
#18 0x57863d2a480f <unknown>
#19 0x57863d3014c8 <unknown>
#20 0x57863d3016a2 <unknown>
#21 0x57863d313dc3 <unknown>
#22 0x72d66989caa4 <unknown>
#23 0x72d669929c6c <unknown>

2025-10-15 18:11:42,684:__main__:Right side box not found (Toto LT780.4#12).
2025-10-15 18:11:43,191:__main__:Typing failed due to error: Message: stale element reference: stale element not found
  (Session info: chrome=140.0.7339.185); For documentation on this error, please visit: https://www.selenium.dev/documentation/webdriver/troubleshooting/errors#stale-element-reference-exception
Stacktrace:
#0 0x5a9f9ff70cba <unknown>
#1 0x5a9f9f9e58e0 <unknown>
#2 0x5a9f9f9f8f2b <unknown>
#3 0x5a9f9f9f7ce2 <unknown>
#4 0x5a9f9f9ece39 <unknown>
#5 0x5a9f9f9ecf65 <unknown>
#6 0x5a9f9f9eb06f <unknown>
#7 0x5a9f9f9ef06a <unknown>
#8 0x5a9f9fa83c9e <unknown>
#9 0x5a9f9fa5d072 <unknown>
#10 0x5a9f9fa82c63 <unknown>
#11 0x5a9f9fa5ce43 <unknown>
#12 0x5a9f9fa299a8 <unknown>
#13 0x5a9f9fa2a621 <unknown>
#14 0x5a9f9ff348b8 <unknown>
#15 0x5a9f9ff385e2 <unknown>
#16 0x5a9f9ff1b683 <unknown>
#17 0x5a9f9ff39135 <unknown>
#18 0x5a9f9ff0080f <unknown>
#19 0x5a9f9ff5d4c8 <unknown>
#20 0x5a9f9ff5d6a2 <unknown>
#21 0x5a9f9ff6fdc3 <unknown>
#22 0x7ab70fe9caa4 <unknown>
#23 0x7ab70ff29c6c <unknown>

2025-10-15 18:11:45,081:__main__:Inserted new ProductRightSideStatus(product_id=11159, is_found_google_right_side=1)
2025-10-15 18:11:47,845:__main__:Product (ID: 11159) is marked as processed
2025-10-15 18:11:48,083:__main__:Processed (Toto LT780.4#12)
2025-10-15 18:11:49,343:__main__:Right side box not found (Toto LT890G#03).
2025-10-15 18:11:51,592:__main__:Right side box not found (Toto PT237#01).
2025-10-15 18:11:51,695:__main__:Inserted new ProductRightSideStatus(product_id=11167, is_found_google_right_side=1)
2025-10-15 18:11:51,759:__main__:Typing failed due to error: Message: stale element reference: stale element not found
  (Session info: chrome=140.0.7339.185); For documentation on this error, please visit: https://www.selenium.dev/documentation/webdriver/troubleshooting/errors#stale-element-reference-exception
Stacktrace:
#0 0x62709f9a8cba <unknown>
#1 0x62709f41d8e0 <unknown>
#2 0x62709f430f2b <unknown>
#3 0x62709f42fce2 <unknown>
#4 0x62709f424e39 <unknown>
#5 0x62709f424f65 <unknown>
#6 0x62709f42306f <unknown>
#7 0x62709f42706a <unknown>
#8 0x62709f4bbc9e <unknown>
#9 0x62709f495072 <unknown>
#10 0x62709f4bac63 <unknown>
#11 0x62709f494e43 <unknown>
#12 0x62709f4619a8 <unknown>
#13 0x62709f462621 <unknown>
#14 0x62709f96c8b8 <unknown>
#15 0x62709f9705e2 <unknown>
#16 0x62709f953683 <unknown>
#17 0x62709f971135 <unknown>
#18 0x62709f93880f <unknown>
#19 0x62709f9954c8 <unknown>
#20 0x62709f9956a2 <unknown>
#21 0x62709f9a7dc3 <unknown>
#22 0x7781b8c9caa4 <unknown>
#23 0x7781b8d29c6c <unknown>

2025-10-15 18:11:54,165:__main__:Inserted new ProductRightSideStatus(product_id=11248, is_found_google_right_side=1)
2025-10-15 18:11:54,631:__main__:Product (ID: 11167) is marked as processed
2025-10-15 18:11:54,886:__main__:Processed (Toto LT890G#03)
2025-10-15 18:11:57,018:__main__:Product (ID: 11248) is marked as processed
2025-10-15 18:11:57,260:__main__:Processed (Toto PT237#01)
2025-10-15 18:11:58,482:__main__:Typing failed due to error: Message: stale element reference: stale element not found
  (Session info: chrome=140.0.7339.185); For documentation on this error, please visit: https://www.selenium.dev/documentation/webdriver/troubleshooting/errors#stale-element-reference-exception
Stacktrace:
#0 0x577fba6c8cba <unknown>
#1 0x577fba13d8e0 <unknown>
#2 0x577fba150f2b <unknown>
#3 0x577fba14fce2 <unknown>
#4 0x577fba144e39 <unknown>
#5 0x577fba144f65 <unknown>
#6 0x577fba14306f <unknown>
#7 0x577fba14706a <unknown>
#8 0x577fba1dbc9e <unknown>
#9 0x577fba1b5072 <unknown>
#10 0x577fba1dac63 <unknown>
#11 0x577fba1b4e43 <unknown>
#12 0x577fba1819a8 <unknown>
#13 0x577fba182621 <unknown>
#14 0x577fba68c8b8 <unknown>
#15 0x577fba6905e2 <unknown>
#16 0x577fba673683 <unknown>
#17 0x577fba691135 <unknown>
#18 0x577fba65880f <unknown>
#19 0x577fba6b54c8 <unknown>
#20 0x577fba6b56a2 <unknown>
#21 0x577fba6c7dc3 <unknown>
#22 0x70ae3aa9caa4 <unknown>
#23 0x70ae3ab29c6c <unknown>

2025-10-15 18:12:00,482:__main__:Right side box not found (Toto PT750-12).
2025-10-15 18:12:01,697:__main__:Typing failed due to error: Message: stale element reference: stale element not found
  (Session info: chrome=140.0.7339.185); For documentation on this error, please visit: https://www.selenium.dev/documentation/webdriver/troubleshooting/errors#stale-element-reference-exception
Stacktrace:
#0 0x59ad3bc58cba <unknown>
#1 0x59ad3b6cd8e0 <unknown>
#2 0x59ad3b6e0f2b <unknown>
#3 0x59ad3b6dfce2 <unknown>
#4 0x59ad3b6d4e39 <unknown>
#5 0x59ad3b6d4f65 <unknown>
#6 0x59ad3b6d306f <unknown>
#7 0x59ad3b6d706a <unknown>
#8 0x59ad3b76bc9e <unknown>
#9 0x59ad3b745072 <unknown>
#10 0x59ad3b76ac63 <unknown>
#11 0x59ad3b744e43 <unknown>
#12 0x59ad3b7119a8 <unknown>
#13 0x59ad3b712621 <unknown>
#14 0x59ad3bc1c8b8 <unknown>
#15 0x59ad3bc205e2 <unknown>
#16 0x59ad3bc03683 <unknown>
#17 0x59ad3bc21135 <unknown>
#18 0x59ad3bbe880f <unknown>
#19 0x59ad3bc454c8 <unknown>
#20 0x59ad3bc456a2 <unknown>
#21 0x59ad3bc57dc3 <unknown>
#22 0x781d7dc9caa4 <unknown>
#23 0x781d7dd29c6c <unknown>

2025-10-15 18:12:03,076:__main__:Inserted new ProductRightSideStatus(product_id=11256, is_found_google_right_side=1)
2025-10-15 18:12:06,081:__main__:Product (ID: 11256) is marked as processed
2025-10-15 18:12:06,340:__main__:Processed (Toto PT750-12)
2025-10-15 18:12:06,781:__main__:Right side box not found (Toto PT770#12).
2025-10-15 18:12:09,489:__main__:Inserted new ProductRightSideStatus(product_id=11258, is_found_google_right_side=1)
2025-10-15 18:12:11,937:__main__:Right side box not found (Toto SBR460#12).
2025-10-15 18:12:12,291:__main__:Product (ID: 11258) is marked as processed
2025-10-15 18:12:12,527:__main__:Processed (Toto PT770#12)
2025-10-15 18:12:14,640:__main__:Inserted new ProductRightSideStatus(product_id=11262, is_found_google_right_side=1)
2025-10-15 18:12:17,647:__main__:Typing failed due to error: Message: stale element reference: stale element not found
  (Session info: chrome=140.0.7339.185); For documentation on this error, please visit: https://www.selenium.dev/documentation/webdriver/troubleshooting/errors#stale-element-reference-exception
Stacktrace:
#0 0x616348586cba <unknown>
#1 0x616347ffb8e0 <unknown>
#2 0x61634800ef2b <unknown>
#3 0x61634800dce2 <unknown>
#4 0x616348002e39 <unknown>
#5 0x616348002f65 <unknown>
#6 0x61634800106f <unknown>
#7 0x61634800506a <unknown>
#8 0x616348099c9e <unknown>
#9 0x616348073072 <unknown>
#10 0x616348098c63 <unknown>
#11 0x616348072e43 <unknown>
#12 0x61634803f9a8 <unknown>
#13 0x616348040621 <unknown>
#14 0x61634854a8b8 <unknown>
#15 0x61634854e5e2 <unknown>
#16 0x616348531683 <unknown>
#17 0x61634854f135 <unknown>
#18 0x61634851680f <unknown>
#19 0x6163485734c8 <unknown>
#20 0x6163485736a2 <unknown>
#21 0x616348585dc3 <unknown>
#22 0x7fee14e9caa4 <unknown>
#23 0x7fee14f29c6c <unknown>

2025-10-15 18:12:17,751:__main__:Product (ID: 11262) is marked as processed
2025-10-15 18:12:18,018:__main__:Processed (Toto SBR460#12)
2025-10-15 18:12:24,671:__main__:`compare prices` button not found (Toto SS247R#01).
2025-10-15 18:12:27,404:__main__:Product (ID: 11294) is marked as processed
2025-10-15 18:12:27,663:__main__:Processed (Toto SS247R#01)
2025-10-15 18:12:35,284:__main__:Finished ThreadMain in 155.94 second(s)
2025-10-15 18:13:44,723:__main__:-------------- Process started for 7 product(s) --------------
2025-10-15 18:13:47,168:__main__:Product (ID: 11349) is marked as picked
2025-10-15 18:13:47,415:__main__:Processing (Toto TB221DD#CP)
2025-10-15 18:13:47,416:__main__:trigger selenium
2025-10-15 18:13:52,820:__main__:Product (ID: 11391) is marked as picked
2025-10-15 18:13:53,059:__main__:Processing (Toto TELLT100#CP)
2025-10-15 18:13:53,059:__main__:trigger selenium
2025-10-15 18:13:58,909:__main__:Product (ID: 11414) is marked as picked
2025-10-15 18:13:59,200:__main__:Processing (Toto TET3DNS-31)
2025-10-15 18:13:59,200:__main__:trigger selenium
2025-10-15 18:14:04,739:__main__:Product (ID: 11448) is marked as picked
2025-10-15 18:14:05,004:__main__:Processing (Toto THU084#MB)
2025-10-15 18:14:05,005:__main__:trigger selenium
2025-10-15 18:14:10,541:__main__:Product (ID: 11456) is marked as picked
2025-10-15 18:14:10,801:__main__:Processing (Toto THU148#PN)
2025-10-15 18:14:10,802:__main__:trigger selenium
2025-10-15 18:14:12,436:__main__:Typing failed due to error: Message: stale element reference: stale element not found
  (Session info: chrome=140.0.7339.185); For documentation on this error, please visit: https://www.selenium.dev/documentation/webdriver/troubleshooting/errors#stale-element-reference-exception
Stacktrace:
#0 0x6190c8b76cba <unknown>
#1 0x6190c85eb8e0 <unknown>
#2 0x6190c85fef2b <unknown>
#3 0x6190c85fdce2 <unknown>
#4 0x6190c85f2e39 <unknown>
#5 0x6190c85f2f65 <unknown>
#6 0x6190c85f106f <unknown>
#7 0x6190c85f506a <unknown>
#8 0x6190c8689c9e <unknown>
#9 0x6190c8663072 <unknown>
#10 0x6190c8688c63 <unknown>
#11 0x6190c8662e43 <unknown>
#12 0x6190c862f9a8 <unknown>
#13 0x6190c8630621 <unknown>
#14 0x6190c8b3a8b8 <unknown>
#15 0x6190c8b3e5e2 <unknown>
#16 0x6190c8b21683 <unknown>
#17 0x6190c8b3f135 <unknown>
#18 0x6190c8b0680f <unknown>
#19 0x6190c8b634c8 <unknown>
#20 0x6190c8b636a2 <unknown>
#21 0x6190c8b75dc3 <unknown>
#22 0x77cc7a29caa4 <unknown>
#23 0x77cc7a329c6c <unknown>

2025-10-15 18:14:16,392:__main__:Product (ID: 11511) is marked as picked
2025-10-15 18:14:16,648:__main__:Processing (Toto TL230DD#CP)
2025-10-15 18:14:16,649:__main__:trigger selenium
2025-10-15 18:14:20,762:__main__:Typing failed due to error: Message: stale element reference: stale element not found
  (Session info: chrome=140.0.7339.185); For documentation on this error, please visit: https://www.selenium.dev/documentation/webdriver/troubleshooting/errors#stale-element-reference-exception
Stacktrace:
#0 0x63cd0a654cba <unknown>
#1 0x63cd0a0c98e0 <unknown>
#2 0x63cd0a0dcf2b <unknown>
#3 0x63cd0a0dbce2 <unknown>
#4 0x63cd0a0d0e39 <unknown>
#5 0x63cd0a0d0f65 <unknown>
#6 0x63cd0a0cf06f <unknown>
#7 0x63cd0a0d306a <unknown>
#8 0x63cd0a167c9e <unknown>
#9 0x63cd0a141072 <unknown>
#10 0x63cd0a166c63 <unknown>
#11 0x63cd0a140e43 <unknown>
#12 0x63cd0a10d9a8 <unknown>
#13 0x63cd0a10e621 <unknown>
#14 0x63cd0a6188b8 <unknown>
#15 0x63cd0a61c5e2 <unknown>
#16 0x63cd0a5ff683 <unknown>
#17 0x63cd0a61d135 <unknown>
#18 0x63cd0a5e480f <unknown>
#19 0x63cd0a6414c8 <unknown>
#20 0x63cd0a6416a2 <unknown>
#21 0x63cd0a653dc3 <unknown>
#22 0x7bee91e9caa4 <unknown>
#23 0x7bee91f29c6c <unknown>

2025-10-15 18:14:22,275:__main__:Product (ID: 11513) is marked as picked
2025-10-15 18:14:22,539:__main__:Processing (Toto TL230SD#CP)
2025-10-15 18:14:22,539:__main__:trigger selenium
2025-10-15 18:14:22,678:__main__:Right side box not found (Toto TB221DD#CP).
2025-10-15 18:14:25,353:__main__:Inserted new ProductRightSideStatus(product_id=11349, is_found_google_right_side=1)
2025-10-15 18:14:26,337:__main__:Typing failed due to error: Message: stale element reference: stale element not found
  (Session info: chrome=140.0.7339.185); For documentation on this error, please visit: https://www.selenium.dev/documentation/webdriver/troubleshooting/errors#stale-element-reference-exception
Stacktrace:
#0 0x640499d9ecba <unknown>
#1 0x6404998138e0 <unknown>
#2 0x640499826f2b <unknown>
#3 0x640499825ce2 <unknown>
#4 0x64049981ae39 <unknown>
#5 0x64049981af65 <unknown>
#6 0x64049981906f <unknown>
#7 0x64049981d06a <unknown>
#8 0x6404998b1c9e <unknown>
#9 0x64049988b072 <unknown>
#10 0x6404998b0c63 <unknown>
#11 0x64049988ae43 <unknown>
#12 0x6404998579a8 <unknown>
#13 0x640499858621 <unknown>
#14 0x640499d628b8 <unknown>
#15 0x640499d665e2 <unknown>
#16 0x640499d49683 <unknown>
#17 0x640499d67135 <unknown>
#18 0x640499d2e80f <unknown>
#19 0x640499d8b4c8 <unknown>
#20 0x640499d8b6a2 <unknown>
#21 0x640499d9ddc3 <unknown>
#22 0x79289d49caa4 <unknown>
#23 0x79289d529c6c <unknown>

2025-10-15 18:14:28,240:__main__:Right side box not found (Toto TELLT100#CP).
2025-10-15 18:14:28,315:__main__:Product (ID: 11349) is marked as processed
2025-10-15 18:14:28,570:__main__:Processed (Toto TB221DD#CP)
2025-10-15 18:14:30,890:__main__:Inserted new ProductRightSideStatus(product_id=11391, is_found_google_right_side=1)
2025-10-15 18:14:33,943:__main__:Product (ID: 11391) is marked as processed
2025-10-15 18:14:34,203:__main__:Processed (Toto TELLT100#CP)
2025-10-15 18:14:35,316:__main__:Typing failed due to error: Message: stale element reference: stale element not found
  (Session info: chrome=140.0.7339.185); For documentation on this error, please visit: https://www.selenium.dev/documentation/webdriver/troubleshooting/errors#stale-element-reference-exception
Stacktrace:
#0 0x566636b6ccba <unknown>
#1 0x5666365e18e0 <unknown>
#2 0x5666365f4f2b <unknown>
#3 0x5666365f3ce2 <unknown>
#4 0x5666365e8e39 <unknown>
#5 0x5666365e8f65 <unknown>
#6 0x5666365e706f <unknown>
#7 0x5666365eb06a <unknown>
#8 0x56663667fc9e <unknown>
#9 0x566636659072 <unknown>
#10 0x56663667ec63 <unknown>
#11 0x566636658e43 <unknown>
#12 0x5666366259a8 <unknown>
#13 0x566636626621 <unknown>
#14 0x566636b308b8 <unknown>
#15 0x566636b345e2 <unknown>
#16 0x566636b17683 <unknown>
#17 0x566636b35135 <unknown>
#18 0x566636afc80f <unknown>
#19 0x566636b594c8 <unknown>
#20 0x566636b596a2 <unknown>
#21 0x566636b6bdc3 <unknown>
#22 0x7b9208c9caa4 <unknown>
#23 0x7b9208d29c6c <unknown>

2025-10-15 18:14:36,128:__main__:Right side box not found (Toto TET3DNS-31).
2025-10-15 18:14:38,586:__main__:Inserted new ProductRightSideStatus(product_id=11414, is_found_google_right_side=1)
2025-10-15 18:14:41,668:__main__:Product (ID: 11414) is marked as processed
2025-10-15 18:14:41,747:__main__:Typing failed due to error: Message: stale element reference: stale element not found
  (Session info: chrome=140.0.7339.185); For documentation on this error, please visit: https://www.selenium.dev/documentation/webdriver/troubleshooting/errors#stale-element-reference-exception
Stacktrace:
#0 0x596eacb29cba <unknown>
#1 0x596eac59e8e0 <unknown>
#2 0x596eac5b1f2b <unknown>
#3 0x596eac5b0ce2 <unknown>
#4 0x596eac5a5e39 <unknown>
#5 0x596eac5a5f65 <unknown>
#6 0x596eac5a406f <unknown>
#7 0x596eac5a806a <unknown>
#8 0x596eac63cc9e <unknown>
#9 0x596eac616072 <unknown>
#10 0x596eac63bc63 <unknown>
#11 0x596eac615e43 <unknown>
#12 0x596eac5e29a8 <unknown>
#13 0x596eac5e3621 <unknown>
#14 0x596eacaed8b8 <unknown>
#15 0x596eacaf15e2 <unknown>
#16 0x596eacad4683 <unknown>
#17 0x596eacaf2135 <unknown>
#18 0x596eacab980f <unknown>
#19 0x596eacb164c8 <unknown>
#20 0x596eacb166a2 <unknown>
#21 0x596eacb28dc3 <unknown>
#22 0x73e42e29caa4 <unknown>
#23 0x73e42e329c6c <unknown>

2025-10-15 18:14:41,926:__main__:Processed (Toto TET3DNS-31)
2025-10-15 18:14:43,066:__main__:Right side box not found (Toto THU084#MB).
2025-10-15 18:14:45,700:__main__:Inserted new ProductRightSideStatus(product_id=11448, is_found_google_right_side=1)
2025-10-15 18:14:48,537:__main__:Product (ID: 11448) is marked as processed
2025-10-15 18:14:48,751:__main__:Right side box not found (Toto THU148#PN).
2025-10-15 18:14:48,768:__main__:Processed (Toto THU084#MB)
2025-10-15 18:14:51,175:__main__:Inserted new ProductRightSideStatus(product_id=11456, is_found_google_right_side=1)
2025-10-15 18:14:53,945:__main__:Product (ID: 11456) is marked as processed
2025-10-15 18:14:54,185:__main__:Processed (Toto THU148#PN)
2025-10-15 18:14:58,049:__main__:Typing failed due to error: Message: stale element reference: stale element not found
  (Session info: chrome=140.0.7339.185); For documentation on this error, please visit: https://www.selenium.dev/documentation/webdriver/troubleshooting/errors#stale-element-reference-exception
Stacktrace:
#0 0x631ffcb2dcba <unknown>
#1 0x631ffc5a28e0 <unknown>
#2 0x631ffc5b5f2b <unknown>
#3 0x631ffc5b4ce2 <unknown>
#4 0x631ffc5a9e39 <unknown>
#5 0x631ffc5a9f65 <unknown>
#6 0x631ffc5a806f <unknown>
#7 0x631ffc5ac06a <unknown>
#8 0x631ffc640c9e <unknown>
#9 0x631ffc61a072 <unknown>
#10 0x631ffc63fc63 <unknown>
#11 0x631ffc619e43 <unknown>
#12 0x631ffc5e69a8 <unknown>
#13 0x631ffc5e7621 <unknown>
#14 0x631ffcaf18b8 <unknown>
#15 0x631ffcaf55e2 <unknown>
#16 0x631ffcad8683 <unknown>
#17 0x631ffcaf6135 <unknown>
#18 0x631ffcabd80f <unknown>
#19 0x631ffcb1a4c8 <unknown>
#20 0x631ffcb1a6a2 <unknown>
#21 0x631ffcb2cdc3 <unknown>
#22 0x7ac1c1e9caa4 <unknown>
#23 0x7ac1c1f29c6c <unknown>

2025-10-15 18:15:01,644:__main__:Typing failed due to error: Message: stale element reference: stale element not found
  (Session info: chrome=140.0.7339.185); For documentation on this error, please visit: https://www.selenium.dev/documentation/webdriver/troubleshooting/errors#stale-element-reference-exception
Stacktrace:
#0 0x5f14ee3cacba <unknown>
#1 0x5f14ede3f8e0 <unknown>
#2 0x5f14ede52f2b <unknown>
#3 0x5f14ede51ce2 <unknown>
#4 0x5f14ede46e39 <unknown>
#5 0x5f14ede46f65 <unknown>
#6 0x5f14ede4506f <unknown>
#7 0x5f14ede4906a <unknown>
#8 0x5f14ededdc9e <unknown>
#9 0x5f14edeb7072 <unknown>
#10 0x5f14ededcc63 <unknown>
#11 0x5f14edeb6e43 <unknown>
#12 0x5f14ede839a8 <unknown>
#13 0x5f14ede84621 <unknown>
#14 0x5f14ee38e8b8 <unknown>
#15 0x5f14ee3925e2 <unknown>
#16 0x5f14ee375683 <unknown>
#17 0x5f14ee393135 <unknown>
#18 0x5f14ee35a80f <unknown>
#19 0x5f14ee3b74c8 <unknown>
#20 0x5f14ee3b76a2 <unknown>
#21 0x5f14ee3c9dc3 <unknown>
#22 0x76659dc9caa4 <unknown>
#23 0x76659dd29c6c <unknown>

2025-10-15 18:15:42,394:__main__:Product (ID: 11511) is marked as scrapped
2025-10-15 18:15:43,190:__main__:Product (ID: 11513) is marked as scrapped
2025-10-15 18:15:45,093:__main__:Inserted new ProductRightSideStatus(product_id=11511, is_found_google_right_side=0)
2025-10-15 18:15:45,332:__main__:Pricing info added, vendor_pricing_id (5424959): vendor_product_id (ID: 138196) x source (google_main_searched) x SUSPICIOUS
2025-10-15 18:15:45,920:__main__:Inserted new ProductRightSideStatus(product_id=11513, is_found_google_right_side=0)
2025-10-15 18:15:46,172:__main__:Pricing info added, vendor_pricing_id (5424960): vendor_product_id (ID: 138206) x source (google_main_searched)
2025-10-15 18:15:51,850:__main__:History Table is up-to-date.
2025-10-15 18:15:52,390:__main__:Pricing info added to history (z_10021_VendorPricing)
2025-10-15 18:15:52,644:__main__:History Table is up-to-date.
2025-10-15 18:15:53,144:__main__:Pricing info added to history (z_10021_VendorPricing)
2025-10-15 18:15:53,987:__main__:Pricing info added, vendor_pricing_id (5424962): vendor_product_id (ID: 138194) x source (google_main_searched) x SUSPICIOUS
2025-10-15 18:15:54,640:__main__:Pricing info added, vendor_pricing_id (5424963): vendor_product_id (ID: 138207) x source (google_main_searched)
2025-10-15 18:16:00,213:__main__:History Table is up-to-date.
2025-10-15 18:16:00,724:__main__:Pricing info added to history (z_10024_VendorPricing)
2025-10-15 18:16:01,007:__main__:History Table is up-to-date.
2025-10-15 18:16:01,487:__main__:Pricing info added to history (z_10024_VendorPricing)
2025-10-15 18:16:02,313:__main__:Pricing info added, vendor_pricing_id (5424966): vendor_product_id (ID: 392451) x source (google_main_searched) x SUSPICIOUS
2025-10-15 18:16:02,966:__main__:Pricing info added, vendor_pricing_id (5424967): vendor_product_id (ID: 392453) x source (google_main_searched)
2025-10-15 18:16:08,944:__main__:History Table is up-to-date.
2025-10-15 18:16:09,014:__main__:History Table is up-to-date.
2025-10-15 18:16:09,496:__main__:Pricing info added to history (z_10988_VendorPricing)
2025-10-15 18:16:09,506:__main__:Pricing info added to history (z_10988_VendorPricing)
2025-10-15 18:16:10,997:__main__:Pricing info added, vendor_pricing_id (5424970): vendor_product_id (ID: 183525) x source (google_main_searched)
2025-10-15 18:16:11,101:__main__:Pricing info added, vendor_pricing_id (5424971): vendor_product_id (ID: 138196) x source (google_main_searched) x SUSPICIOUS
2025-10-15 18:16:17,248:__main__:History Table is up-to-date.
2025-10-15 18:16:17,430:__main__:History Table is up-to-date.
2025-10-15 18:16:17,714:__main__:Pricing info added to history (z_10013_VendorPricing)
2025-10-15 18:16:17,933:__main__:Pricing info added to history (z_10021_VendorPricing)
2025-10-15 18:16:19,251:__main__:Pricing info added, vendor_pricing_id (5424973): vendor_product_id (ID: 138194) x source (google_main_searched) x SUSPICIOUS
2025-10-15 18:16:26,053:__main__:History Table is up-to-date.
2025-10-15 18:16:26,586:__main__:Pricing info added to history (z_10024_VendorPricing)
2025-10-15 18:16:28,182:__main__:Pricing info added, vendor_pricing_id (5424977): vendor_product_id (ID: 138196) x source (google_main_searched) x SUSPICIOUS
2025-10-15 18:16:34,393:__main__:History Table is up-to-date.
2025-10-15 18:16:34,876:__main__:Pricing info added to history (z_10021_VendorPricing)
2025-10-15 18:16:36,183:__main__:Pricing info added, vendor_pricing_id (5424979): vendor_product_id (ID: 392451) x source (google_main_searched) x SUSPICIOUS
2025-10-15 18:16:42,539:__main__:History Table is up-to-date.
2025-10-15 18:16:43,041:__main__:Pricing info added to history (z_10988_VendorPricing)
2025-10-15 18:16:43,308:__main__:Product (ID: 11513) is marked as processed
2025-10-15 18:16:43,552:__main__:Processed (Toto TL230SD#CP)
2025-10-15 18:16:44,360:__main__:Pricing info added, vendor_pricing_id (5424981): vendor_product_id (ID: 138194) x source (google_main_searched) x SUSPICIOUS
2025-10-15 18:16:50,761:__main__:History Table is up-to-date.
2025-10-15 18:16:51,251:__main__:Pricing info added to history (z_10024_VendorPricing)
2025-10-15 18:16:52,828:__main__:Pricing info added, vendor_pricing_id (5424983): vendor_product_id (ID: 4233663) x source (google_main_searched)
2025-10-15 18:16:58,981:__main__:History Table is up-to-date.
2025-10-15 18:16:59,455:__main__:Pricing info added to history (z_10148_VendorPricing)
2025-10-15 18:17:01,023:__main__:Pricing info added, vendor_pricing_id (5424985): vendor_product_id (ID: 290331) x source (google_main_searched)
2025-10-15 18:17:07,600:__main__:History Table is up-to-date.
2025-10-15 18:17:08,113:__main__:Pricing info added to history (z_10019_VendorPricing)
2025-10-15 18:17:08,643:__main__:Found existing vendor: Universal Appliance and Kitchen Center (ID: 26455)
2025-10-15 18:17:09,442:__main__:Mapped Vendor (ID: 26455) x Product (ID: 11511)
2025-10-15 18:17:10,238:__main__:Inserted vendor_url for vendor_product_id=4854655, inserted_id=4522731
2025-10-15 18:17:11,563:__main__:Pricing info added, vendor_pricing_id (5424986): vendor_product_id (ID: 4854655) x source (google_main_searched)
2025-10-15 18:17:17,660:__main__:History Table is up-to-date.
2025-10-15 18:17:18,116:__main__:Pricing info added to history (z_26455_VendorPricing)
2025-10-15 18:17:19,678:__main__:Pricing info added, vendor_pricing_id (5424988): vendor_product_id (ID: 2499546) x source (google_main_searched)
2025-10-15 18:17:26,244:__main__:History Table is up-to-date.
2025-10-15 18:17:26,749:__main__:Pricing info added to history (z_19879_VendorPricing)
2025-10-15 18:17:27,277:__main__:Found existing vendor: US Bath Store (ID: 10247)
2025-10-15 18:17:28,072:__main__:Mapped Vendor (ID: 10247) x Product (ID: 11511)
2025-10-15 18:17:28,869:__main__:Inserted vendor_url for vendor_product_id=4854658, inserted_id=4522734
2025-10-15 18:17:30,194:__main__:Pricing info added, vendor_pricing_id (5424991): vendor_product_id (ID: 4854658) x source (google_main_searched)
2025-10-15 18:17:37,022:__main__:History Table is up-to-date.
2025-10-15 18:17:37,571:__main__:Pricing info added to history (z_10247_VendorPricing)
2025-10-15 18:18:05,458:__main__:Product (ID: 11511) is marked as processed
2025-10-15 18:18:05,723:__main__:Processed (Toto TL230DD#CP)
2025-10-15 18:18:16,568:__main__:Finished ThreadMain in 317.34 second(s)
2025-10-15 18:20:06,133:__main__:-------------- Process started for 7 product(s) --------------
2025-10-15 18:20:08,776:__main__:Product (ID: 11554) is marked as picked
2025-10-15 18:20:09,044:__main__:Processing (Toto TS170E#CP)
2025-10-15 18:20:09,045:__main__:trigger selenium
2025-10-15 18:20:14,608:__main__:Product (ID: 11574) is marked as picked
2025-10-15 18:20:14,872:__main__:Processing (Toto TS220DW1#CP)
2025-10-15 18:20:14,873:__main__:trigger selenium
2025-10-15 18:20:20,371:__main__:Product (ID: 11579) is marked as picked
2025-10-15 18:20:20,625:__main__:Processing (Toto TS220XW1#CP)
2025-10-15 18:20:20,625:__main__:trigger selenium
2025-10-15 18:20:26,207:__main__:Product (ID: 11589) is marked as picked
2025-10-15 18:20:26,475:__main__:Processing (Toto TS2A)
2025-10-15 18:20:26,476:__main__:trigger selenium
2025-10-15 18:20:31,926:__main__:Product (ID: 11598) is marked as picked
2025-10-15 18:20:32,169:__main__:Processing (Toto TS301F55#CP)
2025-10-15 18:20:32,169:__main__:trigger selenium
2025-10-15 18:20:37,824:__main__:Product (ID: 11603) is marked as picked
2025-10-15 18:20:38,097:__main__:Processing (Toto TS416D2#BN)
2025-10-15 18:20:38,098:__main__:trigger selenium
2025-10-15 18:20:43,869:__main__:Product (ID: 11606) is marked as picked
2025-10-15 18:20:44,147:__main__:Processing (Toto TS630C2#CP)
2025-10-15 18:20:44,148:__main__:trigger selenium
2025-10-15 18:20:46,487:__main__:Typing failed due to error: Message: stale element reference: stale element not found
  (Session info: chrome=140.0.7339.185); For documentation on this error, please visit: https://www.selenium.dev/documentation/webdriver/troubleshooting/errors#stale-element-reference-exception
Stacktrace:
#0 0x5b6f73949cba <unknown>
#1 0x5b6f733be8e0 <unknown>
#2 0x5b6f733d1f2b <unknown>
#3 0x5b6f733d0ce2 <unknown>
#4 0x5b6f733c5e39 <unknown>
#5 0x5b6f733c5f65 <unknown>
#6 0x5b6f733c406f <unknown>
#7 0x5b6f733c806a <unknown>
#8 0x5b6f7345cc9e <unknown>
#9 0x5b6f73436072 <unknown>
#10 0x5b6f7345bc63 <unknown>
#11 0x5b6f73435e43 <unknown>
#12 0x5b6f734029a8 <unknown>
#13 0x5b6f73403621 <unknown>
#14 0x5b6f7390d8b8 <unknown>
#15 0x5b6f739115e2 <unknown>
#16 0x5b6f738f4683 <unknown>
#17 0x5b6f73912135 <unknown>
#18 0x5b6f738d980f <unknown>
#19 0x5b6f739364c8 <unknown>
#20 0x5b6f739366a2 <unknown>
#21 0x5b6f73948dc3 <unknown>
#22 0x7d4275a9caa4 <unknown>
#23 0x7d4275b29c6c <unknown>

2025-10-15 18:20:53,212:__main__:Typing failed due to error: Message: stale element reference: stale element not found
  (Session info: chrome=140.0.7339.185); For documentation on this error, please visit: https://www.selenium.dev/documentation/webdriver/troubleshooting/errors#stale-element-reference-exception
Stacktrace:
#0 0x5dec0d1afcba <unknown>
#1 0x5dec0cc248e0 <unknown>
#2 0x5dec0cc37f2b <unknown>
#3 0x5dec0cc36ce2 <unknown>
#4 0x5dec0cc2be39 <unknown>
#5 0x5dec0cc2bf65 <unknown>
#6 0x5dec0cc2a06f <unknown>
#7 0x5dec0cc2e06a <unknown>
#8 0x5dec0ccc2c9e <unknown>
#9 0x5dec0cc9c072 <unknown>
#10 0x5dec0ccc1c63 <unknown>
#11 0x5dec0cc9be43 <unknown>
#12 0x5dec0cc689a8 <unknown>
#13 0x5dec0cc69621 <unknown>
#14 0x5dec0d1738b8 <unknown>
#15 0x5dec0d1775e2 <unknown>
#16 0x5dec0d15a683 <unknown>
#17 0x5dec0d178135 <unknown>
#18 0x5dec0d13f80f <unknown>
#19 0x5dec0d19c4c8 <unknown>
#20 0x5dec0d19c6a2 <unknown>
#21 0x5dec0d1aedc3 <unknown>
#22 0x7421a449caa4 <unknown>
#23 0x7421a4529c6c <unknown>

2025-10-15 18:20:55,491:__main__:Typing failed due to error: Message: stale element reference: stale element not found
  (Session info: chrome=140.0.7339.185); For documentation on this error, please visit: https://www.selenium.dev/documentation/webdriver/troubleshooting/errors#stale-element-reference-exception
Stacktrace:
#0 0x5b178d184cba <unknown>
#1 0x5b178cbf98e0 <unknown>
#2 0x5b178cc0cf2b <unknown>
#3 0x5b178cc0bce2 <unknown>
#4 0x5b178cc00e39 <unknown>
#5 0x5b178cc00f65 <unknown>
#6 0x5b178cbff06f <unknown>
#7 0x5b178cc0306a <unknown>
#8 0x5b178cc97c9e <unknown>
#9 0x5b178cc71072 <unknown>
#10 0x5b178cc96c63 <unknown>
#11 0x5b178cc70e43 <unknown>
#12 0x5b178cc3d9a8 <unknown>
#13 0x5b178cc3e621 <unknown>
#14 0x5b178d1488b8 <unknown>
#15 0x5b178d14c5e2 <unknown>
#16 0x5b178d12f683 <unknown>
#17 0x5b178d14d135 <unknown>
#18 0x5b178d11480f <unknown>
#19 0x5b178d1714c8 <unknown>
#20 0x5b178d1716a2 <unknown>
#21 0x5b178d183dc3 <unknown>
#22 0x7ee89269caa4 <unknown>
#23 0x7ee892729c6c <unknown>

2025-10-15 18:20:55,963:__main__:Right side box not found (Toto TS220DW1#CP).
2025-10-15 18:20:58,705:__main__:Inserted new ProductRightSideStatus(product_id=11574, is_found_google_right_side=1)
2025-10-15 18:21:01,130:__main__:Right side box not found (Toto TS170E#CP).
2025-10-15 18:21:01,558:__main__:Product (ID: 11574) is marked as processed
2025-10-15 18:21:01,802:__main__:Processed (Toto TS220DW1#CP)
2025-10-15 18:21:03,593:__main__:Inserted new ProductRightSideStatus(product_id=11554, is_found_google_right_side=1)
2025-10-15 18:21:04,253:__main__:Right side box not found (Toto TS220XW1#CP).
2025-10-15 18:21:04,742:__main__:Typing failed due to error: Message: stale element reference: stale element not found
  (Session info: chrome=140.0.7339.185); For documentation on this error, please visit: https://www.selenium.dev/documentation/webdriver/troubleshooting/errors#stale-element-reference-exception
Stacktrace:
#0 0x59b489714cba <unknown>
#1 0x59b4891898e0 <unknown>
#2 0x59b48919cf2b <unknown>
#3 0x59b48919bce2 <unknown>
#4 0x59b489190e39 <unknown>
#5 0x59b489190f65 <unknown>
#6 0x59b48918f06f <unknown>
#7 0x59b48919306a <unknown>
#8 0x59b489227c9e <unknown>
#9 0x59b489201072 <unknown>
#10 0x59b489226c63 <unknown>
#11 0x59b489200e43 <unknown>
#12 0x59b4891cd9a8 <unknown>
#13 0x59b4891ce621 <unknown>
#14 0x59b4896d88b8 <unknown>
#15 0x59b4896dc5e2 <unknown>
#16 0x59b4896bf683 <unknown>
#17 0x59b4896dd135 <unknown>
#18 0x59b4896a480f <unknown>
#19 0x59b4897014c8 <unknown>
#20 0x59b4897016a2 <unknown>
#21 0x59b489713dc3 <unknown>
#22 0x723f9529caa4 <unknown>
#23 0x723f95329c6c <unknown>

2025-10-15 18:21:06,721:__main__:Product (ID: 11554) is marked as processed
2025-10-15 18:21:06,864:__main__:Inserted new ProductRightSideStatus(product_id=11579, is_found_google_right_side=1)
2025-10-15 18:21:06,992:__main__:Processed (Toto TS170E#CP)
2025-10-15 18:21:09,804:__main__:Product (ID: 11579) is marked as processed
2025-10-15 18:21:10,063:__main__:Processed (Toto TS220XW1#CP)
2025-10-15 18:21:11,644:__main__:Incomplete keyword detected: 'Tot'. Retyping...
2025-10-15 18:21:13,805:__main__:Typing failed due to error: Message: stale element reference: stale element not found
  (Session info: chrome=140.0.7339.185); For documentation on this error, please visit: https://www.selenium.dev/documentation/webdriver/troubleshooting/errors#stale-element-reference-exception
Stacktrace:
#0 0x55c6f00fecba <unknown>
#1 0x55c6efb738e0 <unknown>
#2 0x55c6efb86f2b <unknown>
#3 0x55c6efb85ce2 <unknown>
#4 0x55c6efb7ae39 <unknown>
#5 0x55c6efb7af65 <unknown>
#6 0x55c6efb7906f <unknown>
#7 0x55c6efb7d06a <unknown>
#8 0x55c6efc11c9e <unknown>
#9 0x55c6efbeb072 <unknown>
#10 0x55c6efc10c63 <unknown>
#11 0x55c6efbeae43 <unknown>
#12 0x55c6efbb79a8 <unknown>
#13 0x55c6efbb8621 <unknown>
#14 0x55c6f00c28b8 <unknown>
#15 0x55c6f00c65e2 <unknown>
#16 0x55c6f00a9683 <unknown>
#17 0x55c6f00c7135 <unknown>
#18 0x55c6f008e80f <unknown>
#19 0x55c6f00eb4c8 <unknown>
#20 0x55c6f00eb6a2 <unknown>
#21 0x55c6f00fddc3 <unknown>
#22 0x71466829caa4 <unknown>
#23 0x714668329c6c <unknown>

2025-10-15 18:21:14,740:__main__:Right side box not found (Toto TS2A).
2025-10-15 18:21:15,282:__main__:Typing failed due to error: Message: stale element reference: stale element not found
  (Session info: chrome=140.0.7339.185); For documentation on this error, please visit: https://www.selenium.dev/documentation/webdriver/troubleshooting/errors#stale-element-reference-exception
Stacktrace:
#0 0x5907dc688cba <unknown>
#1 0x5907dc0fd8e0 <unknown>
#2 0x5907dc110f2b <unknown>
#3 0x5907dc10fce2 <unknown>
#4 0x5907dc104e39 <unknown>
#5 0x5907dc104f65 <unknown>
#6 0x5907dc10306f <unknown>
#7 0x5907dc10706a <unknown>
#8 0x5907dc19bc9e <unknown>
#9 0x5907dc175072 <unknown>
#10 0x5907dc19ac63 <unknown>
#11 0x5907dc174e43 <unknown>
#12 0x5907dc1419a8 <unknown>
#13 0x5907dc142621 <unknown>
#14 0x5907dc64c8b8 <unknown>
#15 0x5907dc6505e2 <unknown>
#16 0x5907dc633683 <unknown>
#17 0x5907dc651135 <unknown>
#18 0x5907dc61880f <unknown>
#19 0x5907dc6754c8 <unknown>
#20 0x5907dc6756a2 <unknown>
#21 0x5907dc687dc3 <unknown>
#22 0x70c1dcc9caa4 <unknown>
#23 0x70c1dcd29c6c <unknown>

2025-10-15 18:21:17,173:__main__:Inserted new ProductRightSideStatus(product_id=11589, is_found_google_right_side=1)
2025-10-15 18:21:17,865:__main__:Keyword successfully retyped: Toto TS630C2#CP
2025-10-15 18:21:20,105:__main__:Product (ID: 11589) is marked as processed
2025-10-15 18:21:20,362:__main__:Processed (Toto TS2A)
2025-10-15 18:21:22,245:__main__:Right side box not found (Toto TS301F55#CP).
2025-10-15 18:21:23,839:__main__:Right side box not found (Toto TS416D2#BN).
2025-10-15 18:21:24,732:__main__:Inserted new ProductRightSideStatus(product_id=11598, is_found_google_right_side=1)
2025-10-15 18:21:26,454:__main__:Inserted new ProductRightSideStatus(product_id=11603, is_found_google_right_side=1)
2025-10-15 18:21:27,777:__main__:Product (ID: 11598) is marked as processed
2025-10-15 18:21:28,041:__main__:Processed (Toto TS301F55#CP)
2025-10-15 18:21:28,117:__main__:Main div not found.
2025-10-15 18:21:29,453:__main__:Product (ID: 11603) is marked as processed
2025-10-15 18:21:29,710:__main__:Processed (Toto TS416D2#BN)
2025-10-15 18:21:30,934:__main__:Product (ID: 11606) is marked as processed
2025-10-15 18:21:31,194:__main__:Processed (Toto TS630C2#CP)
2025-10-15 18:21:42,157:__main__:Finished ThreadMain in 162.4 second(s)
2025-10-15 18:23:07,368:__main__:-------------- Process started for 7 product(s) --------------
2025-10-15 18:23:09,989:__main__:Product (ID: 11607) is marked as picked
2025-10-15 18:23:10,260:__main__:Processing (Toto TS630C2#PN)
2025-10-15 18:23:10,261:__main__:trigger selenium
2025-10-15 18:23:15,838:__main__:Product (ID: 11608) is marked as picked
2025-10-15 18:23:16,105:__main__:Processing (Toto TS756P#CP)
2025-10-15 18:23:16,106:__main__:trigger selenium
2025-10-15 18:23:21,506:__main__:Product (ID: 11613) is marked as picked
2025-10-15 18:23:21,757:__main__:Processing (Toto TSMA)
2025-10-15 18:23:21,758:__main__:trigger selenium
2025-10-15 18:23:27,365:__main__:Product (ID: 11615) is marked as picked
2025-10-15 18:23:27,624:__main__:Processing (Toto TSMVW)
2025-10-15 18:23:27,624:__main__:trigger selenium
2025-10-15 18:23:33,183:__main__:Product (ID: 11647) is marked as picked
2025-10-15 18:23:33,441:__main__:Processing (Toto YG20036R#CP)
2025-10-15 18:23:33,441:__main__:trigger selenium
2025-10-15 18:23:39,249:__main__:Product (ID: 11652) is marked as picked
2025-10-15 18:23:39,547:__main__:Processing (Toto YH756#BN)
2025-10-15 18:23:39,549:__main__:trigger selenium
2025-10-15 18:23:40,524:__main__:Typing failed due to error: Message: stale element reference: stale element not found
  (Session info: chrome=140.0.7339.185); For documentation on this error, please visit: https://www.selenium.dev/documentation/webdriver/troubleshooting/errors#stale-element-reference-exception
Stacktrace:
#0 0x58297ec1acba <unknown>
#1 0x58297e68f8e0 <unknown>
#2 0x58297e6a2f2b <unknown>
#3 0x58297e6a1ce2 <unknown>
#4 0x58297e696e39 <unknown>
#5 0x58297e696f65 <unknown>
#6 0x58297e69506f <unknown>
#7 0x58297e69906a <unknown>
#8 0x58297e72dc9e <unknown>
#9 0x58297e707072 <unknown>
#10 0x58297e72cc63 <unknown>
#11 0x58297e706e43 <unknown>
#12 0x58297e6d39a8 <unknown>
#13 0x58297e6d4621 <unknown>
#14 0x58297ebde8b8 <unknown>
#15 0x58297ebe25e2 <unknown>
#16 0x58297ebc5683 <unknown>
#17 0x58297ebe3135 <unknown>
#18 0x58297ebaa80f <unknown>
#19 0x58297ec074c8 <unknown>
#20 0x58297ec076a2 <unknown>
#21 0x58297ec19dc3 <unknown>
#22 0x792aeea9caa4 <unknown>
#23 0x792aeeb29c6c <unknown>

2025-10-15 18:23:45,002:__main__:Product (ID: 11655) is marked as picked
2025-10-15 18:23:45,257:__main__:Processing (Toto YH970#CP)
2025-10-15 18:23:45,258:__main__:trigger selenium
2025-10-15 18:23:47,324:__main__:Right side box not found (Toto TS630C2#PN).
2025-10-15 18:23:49,950:__main__:Inserted new ProductRightSideStatus(product_id=11607, is_found_google_right_side=1)
2025-10-15 18:23:52,757:__main__:Product (ID: 11607) is marked as processed
2025-10-15 18:23:52,991:__main__:Processed (Toto TS630C2#PN)
2025-10-15 18:23:58,788:__main__:Typing failed due to error: Message: stale element reference: stale element not found
  (Session info: chrome=140.0.7339.185); For documentation on this error, please visit: https://www.selenium.dev/documentation/webdriver/troubleshooting/errors#stale-element-reference-exception
Stacktrace:
#0 0x6051d5913cba <unknown>
#1 0x6051d53888e0 <unknown>
#2 0x6051d539bf2b <unknown>
#3 0x6051d539ace2 <unknown>
#4 0x6051d538fe39 <unknown>
#5 0x6051d538ff65 <unknown>
#6 0x6051d538e06f <unknown>
#7 0x6051d539206a <unknown>
#8 0x6051d5426c9e <unknown>
#9 0x6051d5400072 <unknown>
#10 0x6051d5425c63 <unknown>
#11 0x6051d53ffe43 <unknown>
#12 0x6051d53cc9a8 <unknown>
#13 0x6051d53cd621 <unknown>
#14 0x6051d58d78b8 <unknown>
#15 0x6051d58db5e2 <unknown>
#16 0x6051d58be683 <unknown>
#17 0x6051d58dc135 <unknown>
#18 0x6051d58a380f <unknown>
#19 0x6051d59004c8 <unknown>
#20 0x6051d59006a2 <unknown>
#21 0x6051d5912dc3 <unknown>
#22 0x7c846f89caa4 <unknown>
#23 0x7c846f929c6c <unknown>

2025-10-15 18:24:05,161:__main__:Typing failed due to error: Message: stale element reference: stale element not found
  (Session info: chrome=140.0.7339.185); For documentation on this error, please visit: https://www.selenium.dev/documentation/webdriver/troubleshooting/errors#stale-element-reference-exception
Stacktrace:
#0 0x635741e11cba <unknown>
#1 0x6357418868e0 <unknown>
#2 0x635741899f2b <unknown>
#3 0x635741898ce2 <unknown>
#4 0x63574188de39 <unknown>
#5 0x63574188df65 <unknown>
#6 0x63574188c06f <unknown>
#7 0x63574189006a <unknown>
#8 0x635741924c9e <unknown>
#9 0x6357418fe072 <unknown>
#10 0x635741923c63 <unknown>
#11 0x6357418fde43 <unknown>
#12 0x6357418ca9a8 <unknown>
#13 0x6357418cb621 <unknown>
#14 0x635741dd58b8 <unknown>
#15 0x635741dd95e2 <unknown>
#16 0x635741dbc683 <unknown>
#17 0x635741dda135 <unknown>
#18 0x635741da180f <unknown>
#19 0x635741dfe4c8 <unknown>
#20 0x635741dfe6a2 <unknown>
#21 0x635741e10dc3 <unknown>
#22 0x78f65a29caa4 <unknown>
#23 0x78f65a329c6c <unknown>

2025-10-15 18:24:05,413:__main__:Typing failed due to error: Message: stale element reference: stale element not found
  (Session info: chrome=140.0.7339.185); For documentation on this error, please visit: https://www.selenium.dev/documentation/webdriver/troubleshooting/errors#stale-element-reference-exception
Stacktrace:
#0 0x63cd422c3cba <unknown>
#1 0x63cd41d388e0 <unknown>
#2 0x63cd41d4bf2b <unknown>
#3 0x63cd41d4ace2 <unknown>
#4 0x63cd41d3fe39 <unknown>
#5 0x63cd41d3ff65 <unknown>
#6 0x63cd41d3e06f <unknown>
#7 0x63cd41d4206a <unknown>
#8 0x63cd41dd6c9e <unknown>
#9 0x63cd41db0072 <unknown>
#10 0x63cd41dd5c63 <unknown>
#11 0x63cd41dafe43 <unknown>
#12 0x63cd41d7c9a8 <unknown>
#13 0x63cd41d7d621 <unknown>
#14 0x63cd422878b8 <unknown>
#15 0x63cd4228b5e2 <unknown>
#16 0x63cd4226e683 <unknown>
#17 0x63cd4228c135 <unknown>
#18 0x63cd4225380f <unknown>
#19 0x63cd422b04c8 <unknown>
#20 0x63cd422b06a2 <unknown>
#21 0x63cd422c2dc3 <unknown>
#22 0x7dd6a609caa4 <unknown>
#23 0x7dd6a6129c6c <unknown>

2025-10-15 18:24:07,246:__main__:Right side box not found (Toto TSMA).
2025-10-15 18:24:09,817:__main__:Inserted new ProductRightSideStatus(product_id=11613, is_found_google_right_side=1)
2025-10-15 18:24:10,063:__main__:Typing failed due to error: Message: stale element reference: stale element not found
  (Session info: chrome=140.0.7339.185); For documentation on this error, please visit: https://www.selenium.dev/documentation/webdriver/troubleshooting/errors#stale-element-reference-exception
Stacktrace:
#0 0x5900a1487cba <unknown>
#1 0x5900a0efc8e0 <unknown>
#2 0x5900a0f0ff2b <unknown>
#3 0x5900a0f0ece2 <unknown>
#4 0x5900a0f03e39 <unknown>
#5 0x5900a0f03f65 <unknown>
#6 0x5900a0f0206f <unknown>
#7 0x5900a0f0606a <unknown>
#8 0x5900a0f9ac9e <unknown>
#9 0x5900a0f74072 <unknown>
#10 0x5900a0f99c63 <unknown>
#11 0x5900a0f73e43 <unknown>
#12 0x5900a0f409a8 <unknown>
#13 0x5900a0f41621 <unknown>
#14 0x5900a144b8b8 <unknown>
#15 0x5900a144f5e2 <unknown>
#16 0x5900a1432683 <unknown>
#17 0x5900a1450135 <unknown>
#18 0x5900a141780f <unknown>
#19 0x5900a14744c8 <unknown>
#20 0x5900a14746a2 <unknown>
#21 0x5900a1486dc3 <unknown>
#22 0x7012eb69caa4 <unknown>
#23 0x7012eb729c6c <unknown>

2025-10-15 18:24:10,186:__main__:Typing failed due to error: Message: stale element reference: stale element not found
  (Session info: chrome=140.0.7339.185); For documentation on this error, please visit: https://www.selenium.dev/documentation/webdriver/troubleshooting/errors#stale-element-reference-exception
Stacktrace:
#0 0x5b082af38cba <unknown>
#1 0x5b082a9ad8e0 <unknown>
#2 0x5b082a9c0f2b <unknown>
#3 0x5b082a9bfce2 <unknown>
#4 0x5b082a9b4e39 <unknown>
#5 0x5b082a9b4f65 <unknown>
#6 0x5b082a9b306f <unknown>
#7 0x5b082a9b706a <unknown>
#8 0x5b082aa4bc9e <unknown>
#9 0x5b082aa25072 <unknown>
#10 0x5b082aa4ac63 <unknown>
#11 0x5b082aa24e43 <unknown>
#12 0x5b082a9f19a8 <unknown>
#13 0x5b082a9f2621 <unknown>
#14 0x5b082aefc8b8 <unknown>
#15 0x5b082af005e2 <unknown>
#16 0x5b082aee3683 <unknown>
#17 0x5b082af01135 <unknown>
#18 0x5b082aec880f <unknown>
#19 0x5b082af254c8 <unknown>
#20 0x5b082af256a2 <unknown>
#21 0x5b082af37dc3 <unknown>
#22 0x791461e9caa4 <unknown>
#23 0x791461f29c6c <unknown>

2025-10-15 18:24:12,842:__main__:Product (ID: 11613) is marked as processed
2025-10-15 18:24:13,045:__main__:Typing failed due to error: Message: stale element reference: stale element not found
  (Session info: chrome=140.0.7339.185); For documentation on this error, please visit: https://www.selenium.dev/documentation/webdriver/troubleshooting/errors#stale-element-reference-exception
Stacktrace:
#0 0x58a3a8733cba <unknown>
#1 0x58a3a81a88e0 <unknown>
#2 0x58a3a81bbf2b <unknown>
#3 0x58a3a81bace2 <unknown>
#4 0x58a3a81afe39 <unknown>
#5 0x58a3a81aff65 <unknown>
#6 0x58a3a81ae06f <unknown>
#7 0x58a3a81b206a <unknown>
#8 0x58a3a8246c9e <unknown>
#9 0x58a3a8220072 <unknown>
#10 0x58a3a8245c63 <unknown>
#11 0x58a3a821fe43 <unknown>
#12 0x58a3a81ec9a8 <unknown>
#13 0x58a3a81ed621 <unknown>
#14 0x58a3a86f78b8 <unknown>
#15 0x58a3a86fb5e2 <unknown>
#16 0x58a3a86de683 <unknown>
#17 0x58a3a86fc135 <unknown>
#18 0x58a3a86c380f <unknown>
#19 0x58a3a87204c8 <unknown>
#20 0x58a3a87206a2 <unknown>
#21 0x58a3a8732dc3 <unknown>
#22 0x7bcc3249caa4 <unknown>
#23 0x7bcc32529c6c <unknown>

2025-10-15 18:24:13,107:__main__:Processed (Toto TSMA)
2025-10-15 18:24:14,270:__main__:Right side box not found (Toto TSMVW).
2025-10-15 18:24:14,430:__main__:Right side box not found (Toto YG20036R#CP).
2025-10-15 18:24:16,617:__main__:Inserted new ProductRightSideStatus(product_id=11615, is_found_google_right_side=1)
2025-10-15 18:24:16,915:__main__:Inserted new ProductRightSideStatus(product_id=11647, is_found_google_right_side=1)
2025-10-15 18:24:18,795:__main__:Right side box not found (Toto YH970#CP).
2025-10-15 18:24:19,590:__main__:Product (ID: 11615) is marked as processed
2025-10-15 18:24:19,848:__main__:Processed (Toto TSMVW)
2025-10-15 18:24:19,887:__main__:Product (ID: 11647) is marked as processed
2025-10-15 18:24:20,143:__main__:Processed (Toto YG20036R#CP)
2025-10-15 18:24:21,393:__main__:Inserted new ProductRightSideStatus(product_id=11655, is_found_google_right_side=1)
2025-10-15 18:24:22,114:__main__:Right side box not found (Toto TS756P#CP).
2025-10-15 18:24:24,235:__main__:Product (ID: 11655) is marked as processed
2025-10-15 18:24:24,478:__main__:Processed (Toto YH970#CP)
2025-10-15 18:24:24,548:__main__:Inserted new ProductRightSideStatus(product_id=11608, is_found_google_right_side=1)
2025-10-15 18:24:27,647:__main__:Product (ID: 11608) is marked as processed
2025-10-15 18:24:27,916:__main__:Processed (Toto TS756P#CP)
2025-10-15 18:24:51,694:__main__:Product (ID: 11652) is marked as scrapped
2025-10-15 18:24:54,459:__main__:Inserted new ProductRightSideStatus(product_id=11652, is_found_google_right_side=0)
2025-10-15 18:24:54,715:__main__:Pricing info added, vendor_pricing_id (5425032): vendor_product_id (ID: 139470) x source (google_main_searched)
2025-10-15 18:25:01,004:__main__:History Table is up-to-date.
2025-10-15 18:25:01,508:__main__:Pricing info added to history (z_10021_VendorPricing)
2025-10-15 18:25:02,952:__main__:Pricing info added, vendor_pricing_id (5425033): vendor_product_id (ID: 2311266) x source (google_main_searched)
2025-10-15 18:25:09,362:__main__:History Table is up-to-date.
2025-10-15 18:25:09,882:__main__:Pricing info added to history (z_10024_VendorPricing)
2025-10-15 18:25:31,862:__main__:Product (ID: 11652) is marked as processed
2025-10-15 18:25:32,103:__main__:Processed (Toto YH756#BN)
2025-10-15 18:25:38,266:__main__:Finished ThreadMain in 218.02 second(s)
2025-10-15 18:26:44,794:__main__:-------------- Process started for 7 product(s) --------------
2025-10-15 18:26:47,192:__main__:Product (ID: 11679) is marked as picked
2025-10-15 18:26:47,437:__main__:Processing (Newport Brass 127/14)
2025-10-15 18:26:47,438:__main__:trigger selenium
2025-10-15 18:26:53,004:__main__:Product (ID: 11696) is marked as picked
2025-10-15 18:26:53,269:__main__:Processing (Newport Brass 13-02/24)
2025-10-15 18:26:53,271:__main__:trigger selenium
2025-10-15 18:26:58,673:__main__:Product (ID: 11699) is marked as picked
2025-10-15 18:26:58,924:__main__:Processing (Newport Brass 13-13/07)
2025-10-15 18:26:58,926:__main__:trigger selenium
2025-10-15 18:27:04,291:__main__:Product (ID: 11700) is marked as picked
2025-10-15 18:27:04,540:__main__:Processing (Newport Brass 13-33/06)
2025-10-15 18:27:04,541:__main__:trigger selenium
2025-10-15 18:27:10,039:__main__:Product (ID: 11701) is marked as picked
2025-10-15 18:27:10,305:__main__:Processing (Newport Brass 14-28/01)
2025-10-15 18:27:10,306:__main__:trigger selenium
2025-10-15 18:27:15,750:__main__:Product (ID: 11702) is marked as picked
2025-10-15 18:27:15,978:__main__:Incomplete keyword detected: 'Newport Brass'. Retyping...
2025-10-15 18:27:16,009:__main__:Processing (Newport Brass 15-03/01)
2025-10-15 18:27:16,010:__main__:trigger selenium
2025-10-15 18:27:21,478:__main__:Product (ID: 11703) is marked as picked
2025-10-15 18:27:21,726:__main__:Processing (Newport Brass 15-40/26)
2025-10-15 18:27:21,726:__main__:trigger selenium
2025-10-15 18:27:23,678:__main__:Keyword successfully retyped: Newport Brass 13-02/24
2025-10-15 18:27:25,709:__main__:Typing failed due to error: Message: stale element reference: stale element not found
  (Session info: chrome=140.0.7339.185); For documentation on this error, please visit: https://www.selenium.dev/documentation/webdriver/troubleshooting/errors#stale-element-reference-exception
Stacktrace:
#0 0x6228ffde0cba <unknown>
#1 0x6228ff8558e0 <unknown>
#2 0x6228ff868f2b <unknown>
#3 0x6228ff867ce2 <unknown>
#4 0x6228ff85ce39 <unknown>
#5 0x6228ff85cf65 <unknown>
#6 0x6228ff85b06f <unknown>
#7 0x6228ff85f06a <unknown>
#8 0x6228ff8f3c9e <unknown>
#9 0x6228ff8cd072 <unknown>
#10 0x6228ff8f2c63 <unknown>
#11 0x6228ff8cce43 <unknown>
#12 0x6228ff8999a8 <unknown>
#13 0x6228ff89a621 <unknown>
#14 0x6228ffda48b8 <unknown>
#15 0x6228ffda85e2 <unknown>
#16 0x6228ffd8b683 <unknown>
#17 0x6228ffda9135 <unknown>
#18 0x6228ffd7080f <unknown>
#19 0x6228ffdcd4c8 <unknown>
#20 0x6228ffdcd6a2 <unknown>
#21 0x6228ffddfdc3 <unknown>
#22 0x7fe4c969caa4 <unknown>
#23 0x7fe4c9729c6c <unknown>

2025-10-15 18:27:28,213:__main__:Typing failed due to error: Message: stale element reference: stale element not found
  (Session info: chrome=140.0.7339.185); For documentation on this error, please visit: https://www.selenium.dev/documentation/webdriver/troubleshooting/errors#stale-element-reference-exception
Stacktrace:
#0 0x63fb96c01cba <unknown>
#1 0x63fb966768e0 <unknown>
#2 0x63fb96689f2b <unknown>
#3 0x63fb96688ce2 <unknown>
#4 0x63fb9667de39 <unknown>
#5 0x63fb9667df65 <unknown>
#6 0x63fb9667c06f <unknown>
#7 0x63fb9668006a <unknown>
#8 0x63fb96714c9e <unknown>
#9 0x63fb966ee072 <unknown>
#10 0x63fb96713c63 <unknown>
#11 0x63fb966ede43 <unknown>
#12 0x63fb966ba9a8 <unknown>
#13 0x63fb966bb621 <unknown>
#14 0x63fb96bc58b8 <unknown>
#15 0x63fb96bc95e2 <unknown>
#16 0x63fb96bac683 <unknown>
#17 0x63fb96bca135 <unknown>
#18 0x63fb96b9180f <unknown>
#19 0x63fb96bee4c8 <unknown>
#20 0x63fb96bee6a2 <unknown>
#21 0x63fb96c00dc3 <unknown>
#22 0x7fbcaa09caa4 <unknown>
#23 0x7fbcaa129c6c <unknown>

2025-10-15 18:27:34,161:__main__:Main div not found.
2025-10-15 18:27:35,780:__main__:Right side box not found (Newport Brass 13-13/07).
2025-10-15 18:27:35,868:__main__:Right side box not found (Newport Brass 127/14).
2025-10-15 18:27:35,926:__main__:Typing failed due to error: Message: stale element reference: stale element not found
  (Session info: chrome=140.0.7339.185); For documentation on this error, please visit: https://www.selenium.dev/documentation/webdriver/troubleshooting/errors#stale-element-reference-exception
Stacktrace:
#0 0x6104b9eb1cba <unknown>
#1 0x6104b99268e0 <unknown>
#2 0x6104b9939f2b <unknown>
#3 0x6104b9938ce2 <unknown>
#4 0x6104b992de39 <unknown>
#5 0x6104b992df65 <unknown>
#6 0x6104b992c06f <unknown>
#7 0x6104b993006a <unknown>
#8 0x6104b99c4c9e <unknown>
#9 0x6104b999e072 <unknown>
#10 0x6104b99c3c63 <unknown>
#11 0x6104b999de43 <unknown>
#12 0x6104b996a9a8 <unknown>
#13 0x6104b996b621 <unknown>
#14 0x6104b9e758b8 <unknown>
#15 0x6104b9e795e2 <unknown>
#16 0x6104b9e5c683 <unknown>
#17 0x6104b9e7a135 <unknown>
#18 0x6104b9e4180f <unknown>
#19 0x6104b9e9e4c8 <unknown>
#20 0x6104b9e9e6a2 <unknown>
#21 0x6104b9eb0dc3 <unknown>
#22 0x76cd5909caa4 <unknown>
#23 0x76cd59129c6c <unknown>

2025-10-15 18:27:36,747:__main__:Product (ID: 11696) is marked as processed
2025-10-15 18:27:36,980:__main__:Processed (Newport Brass 13-02/24)
2025-10-15 18:27:38,262:__main__:Inserted new ProductRightSideStatus(product_id=11679, is_found_google_right_side=1)
2025-10-15 18:27:38,295:__main__:Inserted new ProductRightSideStatus(product_id=11699, is_found_google_right_side=1)
2025-10-15 18:27:41,051:__main__:Product (ID: 11679) is marked as processed
2025-10-15 18:27:41,216:__main__:Product (ID: 11699) is marked as processed
2025-10-15 18:27:41,284:__main__:Processed (Newport Brass 127/14)
2025-10-15 18:27:41,467:__main__:Processed (Newport Brass 13-13/07)
2025-10-15 18:27:41,838:__main__:Typing failed due to error: Message: stale element reference: stale element not found
  (Session info: chrome=140.0.7339.185); For documentation on this error, please visit: https://www.selenium.dev/documentation/webdriver/troubleshooting/errors#stale-element-reference-exception
Stacktrace:
#0 0x5f40b4d00cba <unknown>
#1 0x5f40b47758e0 <unknown>
#2 0x5f40b4788f2b <unknown>
#3 0x5f40b4787ce2 <unknown>
#4 0x5f40b477ce39 <unknown>
#5 0x5f40b477cf65 <unknown>
#6 0x5f40b477b06f <unknown>
#7 0x5f40b477f06a <unknown>
#8 0x5f40b4813c9e <unknown>
#9 0x5f40b47ed072 <unknown>
#10 0x5f40b4812c63 <unknown>
#11 0x5f40b47ece43 <unknown>
#12 0x5f40b47b99a8 <unknown>
#13 0x5f40b47ba621 <unknown>
#14 0x5f40b4cc48b8 <unknown>
#15 0x5f40b4cc85e2 <unknown>
#16 0x5f40b4cab683 <unknown>
#17 0x5f40b4cc9135 <unknown>
#18 0x5f40b4c9080f <unknown>
#19 0x5f40b4ced4c8 <unknown>
#20 0x5f40b4ced6a2 <unknown>
#21 0x5f40b4cffdc3 <unknown>
#22 0x7916f9a9caa4 <unknown>
#23 0x7916f9b29c6c <unknown>

2025-10-15 18:27:47,889:__main__:Typing failed due to error: Message: stale element reference: stale element not found
  (Session info: chrome=140.0.7339.185); For documentation on this error, please visit: https://www.selenium.dev/documentation/webdriver/troubleshooting/errors#stale-element-reference-exception
Stacktrace:
#0 0x59ce12481cba <unknown>
#1 0x59ce11ef68e0 <unknown>
#2 0x59ce11f09f2b <unknown>
#3 0x59ce11f08ce2 <unknown>
#4 0x59ce11efde39 <unknown>
#5 0x59ce11efdf65 <unknown>
#6 0x59ce11efc06f <unknown>
#7 0x59ce11f0006a <unknown>
#8 0x59ce11f94c9e <unknown>
#9 0x59ce11f6e072 <unknown>
#10 0x59ce11f93c63 <unknown>
#11 0x59ce11f6de43 <unknown>
#12 0x59ce11f3a9a8 <unknown>
#13 0x59ce11f3b621 <unknown>
#14 0x59ce124458b8 <unknown>
#15 0x59ce124495e2 <unknown>
#16 0x59ce1242c683 <unknown>
#17 0x59ce1244a135 <unknown>
#18 0x59ce1241180f <unknown>
#19 0x59ce1246e4c8 <unknown>
#20 0x59ce1246e6a2 <unknown>
#21 0x59ce12480dc3 <unknown>
#22 0x75b33d49caa4 <unknown>
#23 0x75b33d529c6c <unknown>

2025-10-15 18:27:49,382:__main__:Right side box not found (Newport Brass 15-03/01).
2025-10-15 18:27:51,844:__main__:Inserted new ProductRightSideStatus(product_id=11702, is_found_google_right_side=1)
2025-10-15 18:27:54,628:__main__:Product (ID: 11702) is marked as processed
2025-10-15 18:27:54,863:__main__:Processed (Newport Brass 15-03/01)
2025-10-15 18:27:56,217:__main__:Typing failed due to error: Message: stale element reference: stale element not found
  (Session info: chrome=140.0.7339.185); For documentation on this error, please visit: https://www.selenium.dev/documentation/webdriver/troubleshooting/errors#stale-element-reference-exception
Stacktrace:
#0 0x58376f4c2cba <unknown>
#1 0x58376ef378e0 <unknown>
#2 0x58376ef4af2b <unknown>
#3 0x58376ef49ce2 <unknown>
#4 0x58376ef3ee39 <unknown>
#5 0x58376ef3ef65 <unknown>
#6 0x58376ef3d06f <unknown>
#7 0x58376ef4106a <unknown>
#8 0x58376efd5c9e <unknown>
#9 0x58376efaf072 <unknown>
#10 0x58376efd4c63 <unknown>
#11 0x58376efaee43 <unknown>
#12 0x58376ef7b9a8 <unknown>
#13 0x58376ef7c621 <unknown>
#14 0x58376f4868b8 <unknown>
#15 0x58376f48a5e2 <unknown>
#16 0x58376f46d683 <unknown>
#17 0x58376f48b135 <unknown>
#18 0x58376f45280f <unknown>
#19 0x58376f4af4c8 <unknown>
#20 0x58376f4af6a2 <unknown>
#21 0x58376f4c1dc3 <unknown>
#22 0x7f1ef5c9caa4 <unknown>
#23 0x7f1ef5d29c6c <unknown>

2025-10-15 18:27:56,760:__main__:Right side box not found (Newport Brass 14-28/01).
2025-10-15 18:27:59,275:__main__:Inserted new ProductRightSideStatus(product_id=11701, is_found_google_right_side=1)
2025-10-15 18:28:02,120:__main__:Product (ID: 11701) is marked as processed
2025-10-15 18:28:02,364:__main__:Processed (Newport Brass 14-28/01)
2025-10-15 18:28:04,205:__main__:Right side box not found (Newport Brass 15-40/26).
2025-10-15 18:28:06,649:__main__:Inserted new ProductRightSideStatus(product_id=11703, is_found_google_right_side=1)
2025-10-15 18:28:09,508:__main__:Product (ID: 11703) is marked as processed
2025-10-15 18:28:09,751:__main__:Processed (Newport Brass 15-40/26)
2025-10-15 18:28:19,725:__main__:Product (ID: 11700) is marked as scrapped
2025-10-15 18:28:22,433:__main__:Inserted new ProductRightSideStatus(product_id=11700, is_found_google_right_side=0)
2025-10-15 18:28:22,683:__main__:Pricing info updated, vendor_pricing_id (2531395): vendor_product_id (ID: 139845) x source (google_main_searched)
2025-10-15 18:28:28,919:__main__:History Table is up-to-date.
2025-10-15 18:28:29,393:__main__:Pricing info added to history (z_10021_VendorPricing)
2025-10-15 18:28:30,884:__main__:Pricing info updated, vendor_pricing_id (2531396): vendor_product_id (ID: 2320132) x source (google_main_searched)
2025-10-15 18:28:37,161:__main__:History Table is up-to-date.
2025-10-15 18:28:37,661:__main__:Pricing info added to history (z_10024_VendorPricing)
2025-10-15 18:28:59,610:__main__:Product (ID: 11700) is marked as processed
2025-10-15 18:28:59,860:__main__:Processed (Newport Brass 13-33/06)
2025-10-15 18:29:03,739:__main__:Finished ThreadMain in 183.94 second(s)
2025-10-15 18:31:49,137:__main__:-------------- Process started for 7 product(s) --------------
2025-10-15 18:31:51,549:__main__:Product (ID: 11706) is marked as picked
2025-10-15 18:31:51,795:__main__:Processing (Newport Brass 16-05/26)
2025-10-15 18:31:51,796:__main__:trigger selenium
2025-10-15 18:31:57,279:__main__:Product (ID: 11711) is marked as picked
2025-10-15 18:31:57,528:__main__:Processing (Newport Brass 23-12/06)
2025-10-15 18:31:57,529:__main__:trigger selenium
2025-10-15 18:32:02,905:__main__:Product (ID: 11717) is marked as picked
2025-10-15 18:32:03,144:__main__:Processing (Newport Brass 3-253/24)
2025-10-15 18:32:03,145:__main__:trigger selenium
2025-10-15 18:32:08,525:__main__:Product (ID: 11718) is marked as picked
2025-10-15 18:32:08,768:__main__:Processing (Newport Brass 3-382/15)
2025-10-15 18:32:08,769:__main__:trigger selenium
2025-10-15 18:32:14,193:__main__:Product (ID: 11720) is marked as picked
2025-10-15 18:32:14,439:__main__:Processing (Newport Brass 3-982/24)
2025-10-15 18:32:14,439:__main__:trigger selenium
2025-10-15 18:32:19,833:__main__:Product (ID: 11723) is marked as picked
2025-10-15 18:32:20,074:__main__:Processing (Newport Brass 16-01/034)
2025-10-15 18:32:20,074:__main__:trigger selenium
2025-10-15 18:32:24,247:__main__:Typing failed due to error: Message: stale element reference: stale element not found
  (Session info: chrome=140.0.7339.185); For documentation on this error, please visit: https://www.selenium.dev/documentation/webdriver/troubleshooting/errors#stale-element-reference-exception
Stacktrace:
#0 0x629ab2041cba <unknown>
#1 0x629ab1ab68e0 <unknown>
#2 0x629ab1ac9f2b <unknown>
#3 0x629ab1ac8ce2 <unknown>
#4 0x629ab1abde39 <unknown>
#5 0x629ab1abdf65 <unknown>
#6 0x629ab1abc06f <unknown>
#7 0x629ab1ac006a <unknown>
#8 0x629ab1b54c9e <unknown>
#9 0x629ab1b2e072 <unknown>
#10 0x629ab1b53c63 <unknown>
#11 0x629ab1b2de43 <unknown>
#12 0x629ab1afa9a8 <unknown>
#13 0x629ab1afb621 <unknown>
#14 0x629ab20058b8 <unknown>
#15 0x629ab20095e2 <unknown>
#16 0x629ab1fec683 <unknown>
#17 0x629ab200a135 <unknown>
#18 0x629ab1fd180f <unknown>
#19 0x629ab202e4c8 <unknown>
#20 0x629ab202e6a2 <unknown>
#21 0x629ab2040dc3 <unknown>
#22 0x77611fe9caa4 <unknown>
#23 0x77611ff29c6c <unknown>

2025-10-15 18:32:25,538:__main__:Product (ID: 11725) is marked as picked
2025-10-15 18:32:25,793:__main__:Processing (Newport Brass 16-12/034)
2025-10-15 18:32:25,794:__main__:trigger selenium
2025-10-15 18:32:26,440:__main__:Typing failed due to error: Message: stale element reference: stale element not found
  (Session info: chrome=140.0.7339.185); For documentation on this error, please visit: https://www.selenium.dev/documentation/webdriver/troubleshooting/errors#stale-element-reference-exception
Stacktrace:
#0 0x607e5a788cba <unknown>
#1 0x607e5a1fd8e0 <unknown>
#2 0x607e5a210f2b <unknown>
#3 0x607e5a20fce2 <unknown>
#4 0x607e5a204e39 <unknown>
#5 0x607e5a204f65 <unknown>
#6 0x607e5a20306f <unknown>
#7 0x607e5a20706a <unknown>
#8 0x607e5a29bc9e <unknown>
#9 0x607e5a275072 <unknown>
#10 0x607e5a29ac63 <unknown>
#11 0x607e5a274e43 <unknown>
#12 0x607e5a2419a8 <unknown>
#13 0x607e5a242621 <unknown>
#14 0x607e5a74c8b8 <unknown>
#15 0x607e5a7505e2 <unknown>
#16 0x607e5a733683 <unknown>
#17 0x607e5a751135 <unknown>
#18 0x607e5a71880f <unknown>
#19 0x607e5a7754c8 <unknown>
#20 0x607e5a7756a2 <unknown>
#21 0x607e5a787dc3 <unknown>
#22 0x73dd0ae9caa4 <unknown>
#23 0x73dd0af29c6c <unknown>

2025-10-15 18:32:32,659:__main__:Right side box not found (Newport Brass 16-05/26).
2025-10-15 18:32:34,147:__main__:Right side box not found (Newport Brass 23-12/06).
2025-10-15 18:32:35,173:__main__:Inserted new ProductRightSideStatus(product_id=11706, is_found_google_right_side=1)
2025-10-15 18:32:36,573:__main__:Inserted new ProductRightSideStatus(product_id=11711, is_found_google_right_side=1)
2025-10-15 18:32:38,002:__main__:Product (ID: 11706) is marked as processed
2025-10-15 18:32:38,243:__main__:Processed (Newport Brass 16-05/26)
2025-10-15 18:32:39,400:__main__:Product (ID: 11711) is marked as processed
2025-10-15 18:32:39,644:__main__:Processed (Newport Brass 23-12/06)
2025-10-15 18:32:42,229:__main__:Typing failed due to error: Message: stale element reference: stale element not found
  (Session info: chrome=140.0.7339.185); For documentation on this error, please visit: https://www.selenium.dev/documentation/webdriver/troubleshooting/errors#stale-element-reference-exception
Stacktrace:
#0 0x5853d4431cba <unknown>
#1 0x5853d3ea68e0 <unknown>
#2 0x5853d3eb9f2b <unknown>
#3 0x5853d3eb8ce2 <unknown>
#4 0x5853d3eade39 <unknown>
#5 0x5853d3eadf65 <unknown>
#6 0x5853d3eac06f <unknown>
#7 0x5853d3eb006a <unknown>
#8 0x5853d3f44c9e <unknown>
#9 0x5853d3f1e072 <unknown>
#10 0x5853d3f43c63 <unknown>
#11 0x5853d3f1de43 <unknown>
#12 0x5853d3eea9a8 <unknown>
#13 0x5853d3eeb621 <unknown>
#14 0x5853d43f58b8 <unknown>
#15 0x5853d43f95e2 <unknown>
#16 0x5853d43dc683 <unknown>
#17 0x5853d43fa135 <unknown>
#18 0x5853d43c180f <unknown>
#19 0x5853d441e4c8 <unknown>
#20 0x5853d441e6a2 <unknown>
#21 0x5853d4430dc3 <unknown>
#22 0x70621349caa4 <unknown>
#23 0x706213529c6c <unknown>

2025-10-15 18:32:47,187:__main__:Typing failed due to error: Message: stale element reference: stale element not found
  (Session info: chrome=140.0.7339.185); For documentation on this error, please visit: https://www.selenium.dev/documentation/webdriver/troubleshooting/errors#stale-element-reference-exception
Stacktrace:
#0 0x6507527abcba <unknown>
#1 0x6507522208e0 <unknown>
#2 0x650752233f2b <unknown>
#3 0x650752232ce2 <unknown>
#4 0x650752227e39 <unknown>
#5 0x650752227f65 <unknown>
#6 0x65075222606f <unknown>
#7 0x65075222a06a <unknown>
#8 0x6507522bec9e <unknown>
#9 0x650752298072 <unknown>
#10 0x6507522bdc63 <unknown>
#11 0x650752297e43 <unknown>
#12 0x6507522649a8 <unknown>
#13 0x650752265621 <unknown>
#14 0x65075276f8b8 <unknown>
#15 0x6507527735e2 <unknown>
#16 0x650752756683 <unknown>
#17 0x650752774135 <unknown>
#18 0x65075273b80f <unknown>
#19 0x6507527984c8 <unknown>
#20 0x6507527986a2 <unknown>
#21 0x6507527aadc3 <unknown>
#22 0x7840e489caa4 <unknown>
#23 0x7840e4929c6c <unknown>

2025-10-15 18:32:51,834:__main__:Right side box not found (Newport Brass 3-253/24).
2025-10-15 18:32:52,773:__main__:Typing failed due to error: Message: stale element reference: stale element not found
  (Session info: chrome=140.0.7339.185); For documentation on this error, please visit: https://www.selenium.dev/documentation/webdriver/troubleshooting/errors#stale-element-reference-exception
Stacktrace:
#0 0x60a3cc4a3cba <unknown>
#1 0x60a3cbf188e0 <unknown>
#2 0x60a3cbf2bf2b <unknown>
#3 0x60a3cbf2ace2 <unknown>
#4 0x60a3cbf1fe39 <unknown>
#5 0x60a3cbf1ff65 <unknown>
#6 0x60a3cbf1e06f <unknown>
#7 0x60a3cbf2206a <unknown>
#8 0x60a3cbfb6c9e <unknown>
#9 0x60a3cbf90072 <unknown>
#10 0x60a3cbfb5c63 <unknown>
#11 0x60a3cbf8fe43 <unknown>
#12 0x60a3cbf5c9a8 <unknown>
#13 0x60a3cbf5d621 <unknown>
#14 0x60a3cc4678b8 <unknown>
#15 0x60a3cc46b5e2 <unknown>
#16 0x60a3cc44e683 <unknown>
#17 0x60a3cc46c135 <unknown>
#18 0x60a3cc43380f <unknown>
#19 0x60a3cc4904c8 <unknown>
#20 0x60a3cc4906a2 <unknown>
#21 0x60a3cc4a2dc3 <unknown>
#22 0x78c6ea69caa4 <unknown>
#23 0x78c6ea729c6c <unknown>

2025-10-15 18:32:54,172:__main__:Inserted new ProductRightSideStatus(product_id=11717, is_found_google_right_side=1)
2025-10-15 18:32:55,058:__main__:Right side box not found (Newport Brass 3-982/24).
2025-10-15 18:32:56,916:__main__:Product (ID: 11717) is marked as processed
2025-10-15 18:32:57,151:__main__:Processed (Newport Brass 3-253/24)
2025-10-15 18:32:57,417:__main__:Inserted new ProductRightSideStatus(product_id=11720, is_found_google_right_side=1)
2025-10-15 18:33:00,327:__main__:Product (ID: 11720) is marked as processed
2025-10-15 18:33:00,579:__main__:Processed (Newport Brass 3-982/24)
2025-10-15 18:33:00,835:__main__:Right side box not found (Newport Brass 16-01/034).
2025-10-15 18:33:02,285:__main__:Typing failed due to error: Message: stale element reference: stale element not found
  (Session info: chrome=140.0.7339.185); For documentation on this error, please visit: https://www.selenium.dev/documentation/webdriver/troubleshooting/errors#stale-element-reference-exception
Stacktrace:
#0 0x593c199d8cba <unknown>
#1 0x593c1944d8e0 <unknown>
#2 0x593c19460f2b <unknown>
#3 0x593c1945fce2 <unknown>
#4 0x593c19454e39 <unknown>
#5 0x593c19454f65 <unknown>
#6 0x593c1945306f <unknown>
#7 0x593c1945706a <unknown>
#8 0x593c194ebc9e <unknown>
#9 0x593c194c5072 <unknown>
#10 0x593c194eac63 <unknown>
#11 0x593c194c4e43 <unknown>
#12 0x593c194919a8 <unknown>
#13 0x593c19492621 <unknown>
#14 0x593c1999c8b8 <unknown>
#15 0x593c199a05e2 <unknown>
#16 0x593c19983683 <unknown>
#17 0x593c199a1135 <unknown>
#18 0x593c1996880f <unknown>
#19 0x593c199c54c8 <unknown>
#20 0x593c199c56a2 <unknown>
#21 0x593c199d7dc3 <unknown>
#22 0x791fb249caa4 <unknown>
#23 0x791fb2529c6c <unknown>

2025-10-15 18:33:03,270:__main__:Inserted new ProductRightSideStatus(product_id=11723, is_found_google_right_side=1)
2025-10-15 18:33:06,076:__main__:Product (ID: 11723) is marked as processed
2025-10-15 18:33:06,313:__main__:Processed (Newport Brass 16-01/034)
2025-10-15 18:33:09,775:__main__:Right side box not found (Newport Brass 3-382/15).
2025-10-15 18:33:12,168:__main__:Inserted new ProductRightSideStatus(product_id=11718, is_found_google_right_side=1)
2025-10-15 18:33:12,280:__main__:Typing failed due to error: Message: stale element reference: stale element not found
  (Session info: chrome=140.0.7339.185); For documentation on this error, please visit: https://www.selenium.dev/documentation/webdriver/troubleshooting/errors#stale-element-reference-exception
Stacktrace:
#0 0x5db992f77cba <unknown>
#1 0x5db9929ec8e0 <unknown>
#2 0x5db9929fff2b <unknown>
#3 0x5db9929fece2 <unknown>
#4 0x5db9929f3e39 <unknown>
#5 0x5db9929f3f65 <unknown>
#6 0x5db9929f206f <unknown>
#7 0x5db9929f606a <unknown>
#8 0x5db992a8ac9e <unknown>
#9 0x5db992a64072 <unknown>
#10 0x5db992a89c63 <unknown>
#11 0x5db992a63e43 <unknown>
#12 0x5db992a309a8 <unknown>
#13 0x5db992a31621 <unknown>
#14 0x5db992f3b8b8 <unknown>
#15 0x5db992f3f5e2 <unknown>
#16 0x5db992f22683 <unknown>
#17 0x5db992f40135 <unknown>
#18 0x5db992f0780f <unknown>
#19 0x5db992f644c8 <unknown>
#20 0x5db992f646a2 <unknown>
#21 0x5db992f76dc3 <unknown>
#22 0x76cc4f09caa4 <unknown>
#23 0x76cc4f129c6c <unknown>

2025-10-15 18:33:15,034:__main__:Product (ID: 11718) is marked as processed
2025-10-15 18:33:15,279:__main__:Processed (Newport Brass 3-382/15)
2025-10-15 18:33:21,728:__main__:Right side box not found (Newport Brass 16-12/034).
2025-10-15 18:33:24,222:__main__:Inserted new ProductRightSideStatus(product_id=11725, is_found_google_right_side=1)
2025-10-15 18:33:27,110:__main__:Product (ID: 11725) is marked as processed
2025-10-15 18:33:27,357:__main__:Processed (Newport Brass 16-12/034)
2025-10-15 18:33:34,799:__main__:Finished ThreadMain in 214.33 second(s)
2025-10-15 18:36:08,870:__main__:-------------- Process started for 7 product(s) --------------
2025-10-15 18:36:11,343:__main__:Product (ID: 11726) is marked as picked
2025-10-15 18:36:11,602:__main__:Processing (Newport Brass 16-28/034)
2025-10-15 18:36:11,603:__main__:trigger selenium
2025-10-15 18:36:17,139:__main__:Product (ID: 11751) is marked as picked
2025-10-15 18:36:17,401:__main__:Processing (Viessmann 7498530)
2025-10-15 18:36:17,402:__main__:trigger selenium
2025-10-15 18:36:22,892:__main__:Product (ID: 11760) is marked as picked
2025-10-15 18:36:23,145:__main__:Processing (Newport Brass 233-406/26)
2025-10-15 18:36:23,146:__main__:trigger selenium
2025-10-15 18:36:28,575:__main__:Product (ID: 11795) is marked as picked
2025-10-15 18:36:28,819:__main__:Processing (Grundfos 96806129)
2025-10-15 18:36:28,820:__main__:trigger selenium
2025-10-15 18:36:34,172:__main__:Product (ID: 11797) is marked as picked
2025-10-15 18:36:34,417:__main__:Processing (Grundfos 98819592)
2025-10-15 18:36:34,418:__main__:trigger selenium
2025-10-15 18:36:35,322:__main__:Incomplete keyword detected: 'Newport Bras'. Retyping...
2025-10-15 18:36:39,863:__main__:Product (ID: 11799) is marked as picked
2025-10-15 18:36:40,115:__main__:Processing (Duravit 110816001)
2025-10-15 18:36:40,116:__main__:trigger selenium
2025-10-15 18:36:42,856:__main__:Keyword successfully retyped: Newport Brass 16-28/034
2025-10-15 18:36:45,719:__main__:Product (ID: 11800) is marked as picked
2025-10-15 18:36:45,976:__main__:Processing (Duravit 115808461)
2025-10-15 18:36:45,976:__main__:trigger selenium
2025-10-15 18:36:52,977:__main__:Main div not found.
2025-10-15 18:36:55,594:__main__:Product (ID: 11726) is marked as processed
2025-10-15 18:36:55,835:__main__:Processed (Newport Brass 16-28/034)
2025-10-15 18:36:56,956:__main__:Typing failed due to error: Message: stale element reference: stale element not found
  (Session info: chrome=140.0.7339.185); For documentation on this error, please visit: https://www.selenium.dev/documentation/webdriver/troubleshooting/errors#stale-element-reference-exception
Stacktrace:
#0 0x561898fcccba <unknown>
#1 0x561898a418e0 <unknown>
#2 0x561898a54f2b <unknown>
#3 0x561898a53ce2 <unknown>
#4 0x561898a48e39 <unknown>
#5 0x561898a48f65 <unknown>
#6 0x561898a4706f <unknown>
#7 0x561898a4b06a <unknown>
#8 0x561898adfc9e <unknown>
#9 0x561898ab9072 <unknown>
#10 0x561898adec63 <unknown>
#11 0x561898ab8e43 <unknown>
#12 0x561898a859a8 <unknown>
#13 0x561898a86621 <unknown>
#14 0x561898f908b8 <unknown>
#15 0x561898f945e2 <unknown>
#16 0x561898f77683 <unknown>
#17 0x561898f95135 <unknown>
#18 0x561898f5c80f <unknown>
#19 0x561898fb94c8 <unknown>
#20 0x561898fb96a2 <unknown>
#21 0x561898fcbdc3 <unknown>
#22 0x74d66829caa4 <unknown>
#23 0x74d668329c6c <unknown>

2025-10-15 18:37:02,274:__main__:Typing failed due to error: Message: stale element reference: stale element not found
  (Session info: chrome=140.0.7339.185); For documentation on this error, please visit: https://www.selenium.dev/documentation/webdriver/troubleshooting/errors#stale-element-reference-exception
Stacktrace:
#0 0x62cf41ecfcba <unknown>
#1 0x62cf419448e0 <unknown>
#2 0x62cf41957f2b <unknown>
#3 0x62cf41956ce2 <unknown>
#4 0x62cf4194be39 <unknown>
#5 0x62cf4194bf65 <unknown>
#6 0x62cf4194a06f <unknown>
#7 0x62cf4194e06a <unknown>
#8 0x62cf419e2c9e <unknown>
#9 0x62cf419bc072 <unknown>
#10 0x62cf419e1c63 <unknown>
#11 0x62cf419bbe43 <unknown>
#12 0x62cf419889a8 <unknown>
#13 0x62cf41989621 <unknown>
#14 0x62cf41e938b8 <unknown>
#15 0x62cf41e975e2 <unknown>
#16 0x62cf41e7a683 <unknown>
#17 0x62cf41e98135 <unknown>
#18 0x62cf41e5f80f <unknown>
#19 0x62cf41ebc4c8 <unknown>
#20 0x62cf41ebc6a2 <unknown>
#21 0x62cf41ecedc3 <unknown>
#22 0x75015389caa4 <unknown>
#23 0x750153929c6c <unknown>

2025-10-15 18:37:08,035:__main__:Right side box not found (Viessmann 7498530).
2025-10-15 18:37:10,591:__main__:Inserted new ProductRightSideStatus(product_id=11751, is_found_google_right_side=1)
2025-10-15 18:37:12,597:__main__:Right side box not found (Newport Brass 233-406/26).
2025-10-15 18:37:12,861:__main__:Typing failed due to error: Message: stale element reference: stale element not found
  (Session info: chrome=140.0.7339.185); For documentation on this error, please visit: https://www.selenium.dev/documentation/webdriver/troubleshooting/errors#stale-element-reference-exception
Stacktrace:
#0 0x5d470951ecba <unknown>
#1 0x5d4708f938e0 <unknown>
#2 0x5d4708fa6f2b <unknown>
#3 0x5d4708fa5ce2 <unknown>
#4 0x5d4708f9ae39 <unknown>
#5 0x5d4708f9af65 <unknown>
#6 0x5d4708f9906f <unknown>
#7 0x5d4708f9d06a <unknown>
#8 0x5d4709031c9e <unknown>
#9 0x5d470900b072 <unknown>
#10 0x5d4709030c63 <unknown>
#11 0x5d470900ae43 <unknown>
#12 0x5d4708fd79a8 <unknown>
#13 0x5d4708fd8621 <unknown>
#14 0x5d47094e28b8 <unknown>
#15 0x5d47094e65e2 <unknown>
#16 0x5d47094c9683 <unknown>
#17 0x5d47094e7135 <unknown>
#18 0x5d47094ae80f <unknown>
#19 0x5d470950b4c8 <unknown>
#20 0x5d470950b6a2 <unknown>
#21 0x5d470951ddc3 <unknown>
#22 0x79881aa9caa4 <unknown>
#23 0x79881ab29c6c <unknown>

2025-10-15 18:37:13,003:__main__:Incomplete keyword detected: 'Durav'. Retyping...
2025-10-15 18:37:13,327:__main__:Product (ID: 11751) is marked as processed
2025-10-15 18:37:13,562:__main__:Processed (Viessmann 7498530)
2025-10-15 18:37:15,129:__main__:Inserted new ProductRightSideStatus(product_id=11760, is_found_google_right_side=1)
2025-10-15 18:37:17,957:__main__:Product (ID: 11760) is marked as processed
2025-10-15 18:37:18,200:__main__:Processed (Newport Brass 233-406/26)
2025-10-15 18:37:19,469:__main__:Keyword successfully retyped: Duravit 115808461
2025-10-15 18:37:20,999:__main__:Typing failed due to error: Message: stale element reference: stale element not found
  (Session info: chrome=140.0.7339.185); For documentation on this error, please visit: https://www.selenium.dev/documentation/webdriver/troubleshooting/errors#stale-element-reference-exception
Stacktrace:
#0 0x618012ae3cba <unknown>
#1 0x6180125588e0 <unknown>
#2 0x61801256bf2b <unknown>
#3 0x61801256ace2 <unknown>
#4 0x61801255fe39 <unknown>
#5 0x61801255ff65 <unknown>
#6 0x61801255e06f <unknown>
#7 0x61801256206a <unknown>
#8 0x6180125f6c9e <unknown>
#9 0x6180125d0072 <unknown>
#10 0x6180125f5c63 <unknown>
#11 0x6180125cfe43 <unknown>
#12 0x61801259c9a8 <unknown>
#13 0x61801259d621 <unknown>
#14 0x618012aa78b8 <unknown>
#15 0x618012aab5e2 <unknown>
#16 0x618012a8e683 <unknown>
#17 0x618012aac135 <unknown>
#18 0x618012a7380f <unknown>
#19 0x618012ad04c8 <unknown>
#20 0x618012ad06a2 <unknown>
#21 0x618012ae2dc3 <unknown>
#22 0x7f9d5649caa4 <unknown>
#23 0x7f9d56529c6c <unknown>

2025-10-15 18:37:29,580:__main__:Main div not found.
2025-10-15 18:37:30,615:__main__:Right side box not found (Duravit 110816001).
2025-10-15 18:37:32,125:__main__:Product (ID: 11800) is marked as processed
2025-10-15 18:37:32,359:__main__:Processed (Duravit 115808461)
2025-10-15 18:37:32,982:__main__:Inserted new ProductRightSideStatus(product_id=11799, is_found_google_right_side=1)
2025-10-15 18:37:35,757:__main__:Product (ID: 11799) is marked as processed
2025-10-15 18:37:35,993:__main__:Processed (Duravit 110816001)
2025-10-15 18:37:43,875:__main__:Typing failed due to error: Message: stale element reference: stale element not found
  (Session info: chrome=140.0.7339.185); For documentation on this error, please visit: https://www.selenium.dev/documentation/webdriver/troubleshooting/errors#stale-element-reference-exception
Stacktrace:
#0 0x55dc2c7c0cba <unknown>
#1 0x55dc2c2358e0 <unknown>
#2 0x55dc2c248f2b <unknown>
#3 0x55dc2c247ce2 <unknown>
#4 0x55dc2c23ce39 <unknown>
#5 0x55dc2c23cf65 <unknown>
#6 0x55dc2c23b06f <unknown>
#7 0x55dc2c23f06a <unknown>
#8 0x55dc2c2d3c9e <unknown>
#9 0x55dc2c2ad072 <unknown>
#10 0x55dc2c2d2c63 <unknown>
#11 0x55dc2c2ace43 <unknown>
#12 0x55dc2c2799a8 <unknown>
#13 0x55dc2c27a621 <unknown>
#14 0x55dc2c7848b8 <unknown>
#15 0x55dc2c7885e2 <unknown>
#16 0x55dc2c76b683 <unknown>
#17 0x55dc2c789135 <unknown>
#18 0x55dc2c75080f <unknown>
#19 0x55dc2c7ad4c8 <unknown>
#20 0x55dc2c7ad6a2 <unknown>
#21 0x55dc2c7bfdc3 <unknown>
#22 0x7af761c9caa4 <unknown>
#23 0x7af761d29c6c <unknown>

2025-10-15 18:37:51,527:__main__:Right side box not found (Grundfos 98819592).
2025-10-15 18:37:53,830:__main__:Product (ID: 11795) is marked as scrapped
2025-10-15 18:37:54,012:__main__:Inserted new ProductRightSideStatus(product_id=11797, is_found_google_right_side=1)
2025-10-15 18:37:56,597:__main__:Inserted new ProductRightSideStatus(product_id=11795, is_found_google_right_side=0)
2025-10-15 18:37:56,849:__main__:Pricing info updated, vendor_pricing_id (5246844): vendor_product_id (ID: 140271) x source (google_main_searched)
2025-10-15 18:37:56,965:__main__:Product (ID: 11797) is marked as processed
2025-10-15 18:37:57,219:__main__:Processed (Grundfos 98819592)
2025-10-15 18:38:02,920:__main__:History Table is up-to-date.
2025-10-15 18:38:03,389:__main__:Pricing info added to history (z_10135_VendorPricing)
2025-10-15 18:38:04,593:__main__:Pricing info updated, vendor_pricing_id (3304442): vendor_product_id (ID: 140274) x source (google_main_searched)
2025-10-15 18:38:10,679:__main__:History Table is up-to-date.
2025-10-15 18:38:11,150:__main__:Pricing info added to history (z_10148_VendorPricing)
2025-10-15 18:38:37,016:__main__:Product (ID: 11795) is marked as processed
2025-10-15 18:38:37,249:__main__:Processed (Grundfos 96806129)
2025-10-15 18:38:38,992:__main__:Finished ThreadMain in 201.18 second(s)
2025-10-15 18:40:19,301:__main__:-------------- Process started for 7 product(s) --------------
2025-10-15 18:40:21,652:__main__:Product (ID: 11821) is marked as picked
2025-10-15 18:40:21,893:__main__:Processing (Duravit 0924100003)
2025-10-15 18:40:21,894:__main__:trigger selenium
2025-10-15 18:40:27,277:__main__:Product (ID: 11858) is marked as picked
2025-10-15 18:40:27,527:__main__:Processing (Duravit 7010040000)
2025-10-15 18:40:27,529:__main__:trigger selenium
2025-10-15 18:40:32,913:__main__:Product (ID: 11916) is marked as picked
2025-10-15 18:40:33,149:__main__:Processing (American Standard 443.099)
2025-10-15 18:40:33,150:__main__:trigger selenium
2025-10-15 18:40:38,670:__main__:Product (ID: 11952) is marked as picked
2025-10-15 18:40:38,926:__main__:Processing (Newport Brass 10-01/15A)
2025-10-15 18:40:38,926:__main__:trigger selenium
2025-10-15 18:40:44,288:__main__:Product (ID: 11987) is marked as picked
2025-10-15 18:40:44,530:__main__:Processing (Newport Brass 10-28/10B)
2025-10-15 18:40:44,530:__main__:trigger selenium
2025-10-15 18:40:48,052:__main__:Incomplete keyword detected: 'Durav'. Retyping...
2025-10-15 18:40:49,913:__main__:Product (ID: 11996) is marked as picked
2025-10-15 18:40:50,151:__main__:Processing (Newport Brass 10-51FG/15S)
2025-10-15 18:40:50,152:__main__:trigger selenium
2025-10-15 18:40:54,421:__main__:Keyword successfully retyped: Duravit 0924100003
2025-10-15 18:40:55,645:__main__:Product (ID: 12025) is marked as picked
2025-10-15 18:40:55,908:__main__:Processing (Newport Brass 12-01/RAC)
2025-10-15 18:40:55,909:__main__:trigger selenium
2025-10-15 18:41:04,569:__main__:Typing failed due to error: Message: stale element reference: stale element not found
  (Session info: chrome=140.0.7339.185); For documentation on this error, please visit: https://www.selenium.dev/documentation/webdriver/troubleshooting/errors#stale-element-reference-exception
Stacktrace:
#0 0x599122cd7cba <unknown>
#1 0x59912274c8e0 <unknown>
#2 0x59912275ff2b <unknown>
#3 0x59912275ece2 <unknown>
#4 0x599122753e39 <unknown>
#5 0x599122753f65 <unknown>
#6 0x59912275206f <unknown>
#7 0x59912275606a <unknown>
#8 0x5991227eac9e <unknown>
#9 0x5991227c4072 <unknown>
#10 0x5991227e9c63 <unknown>
#11 0x5991227c3e43 <unknown>
#12 0x5991227909a8 <unknown>
#13 0x599122791621 <unknown>
#14 0x599122c9b8b8 <unknown>
#15 0x599122c9f5e2 <unknown>
#16 0x599122c82683 <unknown>
#17 0x599122ca0135 <unknown>
#18 0x599122c6780f <unknown>
#19 0x599122cc44c8 <unknown>
#20 0x599122cc46a2 <unknown>
#21 0x599122cd6dc3 <unknown>
#22 0x713b16c9caa4 <unknown>
#23 0x713b16d29c6c <unknown>

2025-10-15 18:41:04,990:__main__:Main div not found.
2025-10-15 18:41:07,740:__main__:Product (ID: 11821) is marked as processed
2025-10-15 18:41:07,992:__main__:Processed (Duravit 0924100003)
2025-10-15 18:41:12,324:__main__:Typing failed due to error: Message: stale element reference: stale element not found
  (Session info: chrome=140.0.7339.185); For documentation on this error, please visit: https://www.selenium.dev/documentation/webdriver/troubleshooting/errors#stale-element-reference-exception
Stacktrace:
#0 0x5eb7fe27acba <unknown>
#1 0x5eb7fdcef8e0 <unknown>
#2 0x5eb7fdd02f2b <unknown>
#3 0x5eb7fdd01ce2 <unknown>
#4 0x5eb7fdcf6e39 <unknown>
#5 0x5eb7fdcf6f65 <unknown>
#6 0x5eb7fdcf506f <unknown>
#7 0x5eb7fdcf906a <unknown>
#8 0x5eb7fdd8dc9e <unknown>
#9 0x5eb7fdd67072 <unknown>
#10 0x5eb7fdd8cc63 <unknown>
#11 0x5eb7fdd66e43 <unknown>
#12 0x5eb7fdd339a8 <unknown>
#13 0x5eb7fdd34621 <unknown>
#14 0x5eb7fe23e8b8 <unknown>
#15 0x5eb7fe2425e2 <unknown>
#16 0x5eb7fe225683 <unknown>
#17 0x5eb7fe243135 <unknown>
#18 0x5eb7fe20a80f <unknown>
#19 0x5eb7fe2674c8 <unknown>
#20 0x5eb7fe2676a2 <unknown>
#21 0x5eb7fe279dc3 <unknown>
#22 0x7ec1e589caa4 <unknown>
#23 0x7ec1e5929c6c <unknown>

2025-10-15 18:41:12,824:__main__:Right side box not found (Duravit 7010040000).
2025-10-15 18:41:15,321:__main__:Inserted new ProductRightSideStatus(product_id=11858, is_found_google_right_side=1)
2025-10-15 18:41:17,838:__main__:Incomplete keyword detected: 'Newport B'. Retyping...
2025-10-15 18:41:18,138:__main__:Product (ID: 11858) is marked as processed
2025-10-15 18:41:18,248:__main__:Typing failed due to error: Message: stale element reference: stale element not found
  (Session info: chrome=140.0.7339.185); For documentation on this error, please visit: https://www.selenium.dev/documentation/webdriver/troubleshooting/errors#stale-element-reference-exception
Stacktrace:
#0 0x5c95e97cfcba <unknown>
#1 0x5c95e92448e0 <unknown>
#2 0x5c95e9257f2b <unknown>
#3 0x5c95e9256ce2 <unknown>
#4 0x5c95e924be39 <unknown>
#5 0x5c95e924bf65 <unknown>
#6 0x5c95e924a06f <unknown>
#7 0x5c95e924e06a <unknown>
#8 0x5c95e92e2c9e <unknown>
#9 0x5c95e92bc072 <unknown>
#10 0x5c95e92e1c63 <unknown>
#11 0x5c95e92bbe43 <unknown>
#12 0x5c95e92889a8 <unknown>
#13 0x5c95e9289621 <unknown>
#14 0x5c95e97938b8 <unknown>
#15 0x5c95e97975e2 <unknown>
#16 0x5c95e977a683 <unknown>
#17 0x5c95e9798135 <unknown>
#18 0x5c95e975f80f <unknown>
#19 0x5c95e97bc4c8 <unknown>
#20 0x5c95e97bc6a2 <unknown>
#21 0x5c95e97cedc3 <unknown>
#22 0x723e7549caa4 <unknown>
#23 0x723e75529c6c <unknown>

2025-10-15 18:41:18,379:__main__:Processed (Duravit 7010040000)
2025-10-15 18:41:21,190:__main__:Right side box not found (American Standard 443.099).
2025-10-15 18:41:23,607:__main__:Inserted new ProductRightSideStatus(product_id=11916, is_found_google_right_side=1)
2025-10-15 18:41:24,445:__main__:Typing failed due to error: Message: stale element reference: stale element not found
  (Session info: chrome=140.0.7339.185); For documentation on this error, please visit: https://www.selenium.dev/documentation/webdriver/troubleshooting/errors#stale-element-reference-exception
Stacktrace:
#0 0x623db2865cba <unknown>
#1 0x623db22da8e0 <unknown>
#2 0x623db22edf2b <unknown>
#3 0x623db22ecce2 <unknown>
#4 0x623db22e1e39 <unknown>
#5 0x623db22e1f65 <unknown>
#6 0x623db22e006f <unknown>
#7 0x623db22e406a <unknown>
#8 0x623db2378c9e <unknown>
#9 0x623db2352072 <unknown>
#10 0x623db2377c63 <unknown>
#11 0x623db2351e43 <unknown>
#12 0x623db231e9a8 <unknown>
#13 0x623db231f621 <unknown>
#14 0x623db28298b8 <unknown>
#15 0x623db282d5e2 <unknown>
#16 0x623db2810683 <unknown>
#17 0x623db282e135 <unknown>
#18 0x623db27f580f <unknown>
#19 0x623db28524c8 <unknown>
#20 0x623db28526a2 <unknown>
#21 0x623db2864dc3 <unknown>
#22 0x7214e7a9caa4 <unknown>
#23 0x7214e7b29c6c <unknown>

2025-10-15 18:41:26,174:__main__:Keyword successfully retyped: Newport Brass 10-51FG/15S
2025-10-15 18:41:26,528:__main__:Product (ID: 11916) is marked as processed
2025-10-15 18:41:26,782:__main__:Processed (American Standard 443.099)
2025-10-15 18:41:27,854:__main__:Right side box not found (Newport Brass 10-01/15A).
2025-10-15 18:41:30,198:__main__:Inserted new ProductRightSideStatus(product_id=11952, is_found_google_right_side=1)
2025-10-15 18:41:32,985:__main__:Product (ID: 11952) is marked as processed
2025-10-15 18:41:33,226:__main__:Processed (Newport Brass 10-01/15A)
2025-10-15 18:41:34,073:__main__:Right side box not found (Newport Brass 10-28/10B).
2025-10-15 18:41:36,000:__main__:Typing failed due to error: Message: stale element reference: stale element not found
  (Session info: chrome=140.0.7339.185); For documentation on this error, please visit: https://www.selenium.dev/documentation/webdriver/troubleshooting/errors#stale-element-reference-exception
Stacktrace:
#0 0x63aeda57fcba <unknown>
#1 0x63aed9ff48e0 <unknown>
#2 0x63aeda007f2b <unknown>
#3 0x63aeda006ce2 <unknown>
#4 0x63aed9ffbe39 <unknown>
#5 0x63aed9ffbf65 <unknown>
#6 0x63aed9ffa06f <unknown>
#7 0x63aed9ffe06a <unknown>
#8 0x63aeda092c9e <unknown>
#9 0x63aeda06c072 <unknown>
#10 0x63aeda091c63 <unknown>
#11 0x63aeda06be43 <unknown>
#12 0x63aeda0389a8 <unknown>
#13 0x63aeda039621 <unknown>
#14 0x63aeda5438b8 <unknown>
#15 0x63aeda5475e2 <unknown>
#16 0x63aeda52a683 <unknown>
#17 0x63aeda548135 <unknown>
#18 0x63aeda50f80f <unknown>
#19 0x63aeda56c4c8 <unknown>
#20 0x63aeda56c6a2 <unknown>
#21 0x63aeda57edc3 <unknown>
#22 0x74535e49caa4 <unknown>
#23 0x74535e529c6c <unknown>

2025-10-15 18:41:36,434:__main__:Main div not found.
2025-10-15 18:41:36,499:__main__:Inserted new ProductRightSideStatus(product_id=11987, is_found_google_right_side=1)
2025-10-15 18:41:39,151:__main__:Product (ID: 11996) is marked as processed
2025-10-15 18:41:39,397:__main__:Processed (Newport Brass 10-51FG/15S)
2025-10-15 18:41:39,491:__main__:Product (ID: 11987) is marked as processed
2025-10-15 18:41:39,747:__main__:Processed (Newport Brass 10-28/10B)
2025-10-15 18:41:48,932:__main__:Unable to click, re-trying
2025-10-15 18:41:48,932:__main__:trigger selenium
2025-10-15 18:42:16,426:__main__:Typing failed due to error: Message: stale element reference: stale element not found
  (Session info: chrome=140.0.7339.185); For documentation on this error, please visit: https://www.selenium.dev/documentation/webdriver/troubleshooting/errors#stale-element-reference-exception
Stacktrace:
#0 0x63aeda57fcba <unknown>
#1 0x63aed9ff48e0 <unknown>
#2 0x63aeda007f2b <unknown>
#3 0x63aeda006ce2 <unknown>
#4 0x63aed9ffbe39 <unknown>
#5 0x63aed9ffbf65 <unknown>
#6 0x63aed9ffa06f <unknown>
#7 0x63aed9ffe06a <unknown>
#8 0x63aeda092c9e <unknown>
#9 0x63aeda06c072 <unknown>
#10 0x63aeda091c63 <unknown>
#11 0x63aeda06be43 <unknown>
#12 0x63aeda0389a8 <unknown>
#13 0x63aeda039621 <unknown>
#14 0x63aeda5438b8 <unknown>
#15 0x63aeda5475e2 <unknown>
#16 0x63aeda52a683 <unknown>
#17 0x63aeda548135 <unknown>
#18 0x63aeda50f80f <unknown>
#19 0x63aeda56c4c8 <unknown>
#20 0x63aeda56c6a2 <unknown>
#21 0x63aeda57edc3 <unknown>
#22 0x74535e49caa4 <unknown>
#23 0x74535e529c6c <unknown>

2025-10-15 18:42:51,222:__main__:Unable to scrap prices, Exception is coming. 'int' object is not iterable
2025-10-15 18:43:18,174:__main__:Product (ID: 12025) is marked as processed
2025-10-15 18:43:18,412:__main__:Processed (Newport Brass 12-01/RAC)
2025-10-15 18:43:21,921:__main__:Finished ThreadMain in 244.55 second(s)
